  Determining projects to restore...
  All projects are up-to-date for restore.
E:\vs\Projects\PlatformIndependentNuGetPackages\SunamoHttp\SunamoHttp\HttpClientHelper.cs(42,86): warning CS8625: Cannot convert null literal to non-nullable reference type. [E:\vs\Projects\PlatformIndependentNuGetPackages\SunamoHttp\SunamoHttp\SunamoHttp.csproj::TargetFramework=net9.0]
E:\vs\Projects\PlatformIndependentNuGetPackages\SunamoHttp\SunamoHttp\HttpClientHelper.cs(116,90): warning CS8625: Cannot convert null literal to non-nullable reference type. [E:\vs\Projects\PlatformIndependentNuGetPackages\SunamoHttp\SunamoHttp\SunamoHttp.csproj::TargetFramework=net9.0]
E:\vs\Projects\PlatformIndependentNuGetPackages\SunamoHttp\SunamoHttp\HttpRequestHelper.cs(18,126): warning CS8625: Cannot convert null literal to non-nullable reference type. [E:\vs\Projects\PlatformIndependentNuGetPackages\SunamoHttp\SunamoHttp\SunamoHttp.csproj::TargetFramework=net9.0]
E:\vs\Projects\PlatformIndependentNuGetPackages\SunamoHttp\SunamoHttp\HttpRequestHelper.cs(42,132): warning CS8625: Cannot convert null literal to non-nullable reference type. [E:\vs\Projects\PlatformIndependentNuGetPackages\SunamoHttp\SunamoHttp\SunamoHttp.csproj::TargetFramework=net9.0]
E:\vs\Projects\PlatformIndependentNuGetPackages\SunamoHttp\SunamoHttp\HttpRequestHelper.cs(113,219): warning CS8625: Cannot convert null literal to non-nullable reference type. [E:\vs\Projects\PlatformIndependentNuGetPackages\SunamoHttp\SunamoHttp\SunamoHttp.csproj::TargetFramework=net9.0]
E:\vs\Projects\PlatformIndependentNuGetPackages\SunamoHttp\SunamoHttp\HttpRequestHelper.cs(141,187): warning CS8625: Cannot convert null literal to non-nullable reference type. [E:\vs\Projects\PlatformIndependentNuGetPackages\SunamoHttp\SunamoHttp\SunamoHttp.csproj::TargetFramework=net9.0]
E:\vs\Projects\PlatformIndependentNuGetPackages\SunamoHttp\SunamoHttp\HttpRequestHelper.cs(204,204): warning CS8625: Cannot convert null literal to non-nullable reference type. [E:\vs\Projects\PlatformIndependentNuGetPackages\SunamoHttp\SunamoHttp\SunamoHttp.csproj::TargetFramework=net9.0]
E:\vs\Projects\PlatformIndependentNuGetPackages\SunamoHttp\SunamoHttp\Args\GetResponseArgs.cs(11,28): warning CS8618: Non-nullable property 'Cookies' must contain a non-null value when exiting constructor. Consider adding the 'required' modifier or declaring the property as nullable. [E:\vs\Projects\PlatformIndependentNuGetPackages\SunamoHttp\SunamoHttp\SunamoHttp.csproj::TargetFramework=net9.0]
E:\vs\Projects\PlatformIndependentNuGetPackages\SunamoHttp\SunamoHttp\Data\UploadFile.cs(11,12): warning CS8618: Non-nullable property 'Name' must contain a non-null value when exiting constructor. Consider adding the 'required' modifier or declaring the property as nullable. [E:\vs\Projects\PlatformIndependentNuGetPackages\SunamoHttp\SunamoHttp\SunamoHttp.csproj::TargetFramework=net9.0]
E:\vs\Projects\PlatformIndependentNuGetPackages\SunamoHttp\SunamoHttp\Data\UploadFile.cs(11,12): warning CS8618: Non-nullable property 'Filename' must contain a non-null value when exiting constructor. Consider adding the 'required' modifier or declaring the property as nullable. [E:\vs\Projects\PlatformIndependentNuGetPackages\SunamoHttp\SunamoHttp\SunamoHttp.csproj::TargetFramework=net9.0]
E:\vs\Projects\PlatformIndependentNuGetPackages\SunamoHttp\SunamoHttp\Data\UploadFile.cs(11,12): warning CS8618: Non-nullable property 'Stream' must contain a non-null value when exiting constructor. Consider adding the 'required' modifier or declaring the property as nullable. [E:\vs\Projects\PlatformIndependentNuGetPackages\SunamoHttp\SunamoHttp\SunamoHttp.csproj::TargetFramework=net9.0]
E:\vs\Projects\PlatformIndependentNuGetPackages\SunamoHttp\SunamoHttp\WebClientHelper.cs(32,42): warning SYSLIB0014: 'WebClient.WebClient()' is obsolete: 'WebRequest, HttpWebRequest, ServicePoint, and WebClient are obsolete. Use HttpClient instead.' (https://aka.ms/dotnet-warnings/SYSLIB0014) [E:\vs\Projects\PlatformIndependentNuGetPackages\SunamoHttp\SunamoHttp\SunamoHttp.csproj::TargetFramework=net9.0]
E:\vs\Projects\PlatformIndependentNuGetPackages\SunamoHttp\SunamoHttp\SunamoWebClient.cs(16,5): warning SYSLIB0014: 'WebClient.WebClient()' is obsolete: 'WebRequest, HttpWebRequest, ServicePoint, and WebClient are obsolete. Use HttpClient instead.' (https://aka.ms/dotnet-warnings/SYSLIB0014) [E:\vs\Projects\PlatformIndependentNuGetPackages\SunamoHttp\SunamoHttp\SunamoHttp.csproj::TargetFramework=net9.0]
E:\vs\Projects\PlatformIndependentNuGetPackages\SunamoHttp\SunamoHttp\SunamoWebClient.cs(11,60): warning CS8625: Cannot convert null literal to non-nullable reference type. [E:\vs\Projects\PlatformIndependentNuGetPackages\SunamoHttp\SunamoHttp\SunamoHttp.csproj::TargetFramework=net9.0]
E:\vs\Projects\PlatformIndependentNuGetPackages\SunamoHttp\SunamoHttp\Data\HttpRequestData.cs(11,42): warning CS8625: Cannot convert null literal to non-nullable reference type. [E:\vs\Projects\PlatformIndependentNuGetPackages\SunamoHttp\SunamoHttp\SunamoHttp.csproj::TargetFramework=net9.0]
E:\vs\Projects\PlatformIndependentNuGetPackages\SunamoHttp\SunamoHttp\Data\HttpRequestData.cs(17,48): warning CS8625: Cannot convert null literal to non-nullable reference type. [E:\vs\Projects\PlatformIndependentNuGetPackages\SunamoHttp\SunamoHttp\SunamoHttp.csproj::TargetFramework=net9.0]
E:\vs\Projects\PlatformIndependentNuGetPackages\SunamoHttp\SunamoHttp\Data\HttpRequestData.cs(22,47): warning CS8625: Cannot convert null literal to non-nullable reference type. [E:\vs\Projects\PlatformIndependentNuGetPackages\SunamoHttp\SunamoHttp\SunamoHttp.csproj::TargetFramework=net9.0]
E:\vs\Projects\PlatformIndependentNuGetPackages\SunamoHttp\SunamoHttp\Data\HttpRequestData.cs(32,52): warning CS8625: Cannot convert null literal to non-nullable reference type. [E:\vs\Projects\PlatformIndependentNuGetPackages\SunamoHttp\SunamoHttp\SunamoHttp.csproj::TargetFramework=net9.0]
E:\vs\Projects\PlatformIndependentNuGetPackages\SunamoHttp\SunamoHttp\Data\HttpRequestData.cs(27,21): warning CS8618: Non-nullable property 'EncodingPostData' must contain a non-null value when exiting constructor. Consider adding the 'required' modifier or declaring the property as nullable. [E:\vs\Projects\PlatformIndependentNuGetPackages\SunamoHttp\SunamoHttp\SunamoHttp.csproj::TargetFramework=net9.0]
E:\vs\Projects\PlatformIndependentNuGetPackages\SunamoHttp\SunamoHttp\_sunamo\FS.cs(28,20): warning CS8600: Converting null literal or possible null value to non-nullable type. [E:\vs\Projects\PlatformIndependentNuGetPackages\SunamoHttp\SunamoHttp\SunamoHttp.csproj::TargetFramework=net9.0]
E:\vs\Projects\PlatformIndependentNuGetPackages\SunamoHttp\SunamoHttp\_sunamo\FS.cs(37,33): warning CS8604: Possible null reference argument for parameter 'item' in 'void List<string>.Add(string item)'. [E:\vs\Projects\PlatformIndependentNuGetPackages\SunamoHttp\SunamoHttp\SunamoHttp.csproj::TargetFramework=net9.0]
E:\vs\Projects\PlatformIndependentNuGetPackages\SunamoHttp\SunamoHttp\_sunamo\FS.cs(77,29): warning CS8600: Converting null literal or possible null value to non-nullable type. [E:\vs\Projects\PlatformIndependentNuGetPackages\SunamoHttp\SunamoHttp\SunamoHttp.csproj::TargetFramework=net9.0]
E:\vs\Projects\PlatformIndependentNuGetPackages\SunamoHttp\SunamoHttp\NetHelperSunamo.cs(16,9): warning SYSLIB0014: 'ServicePointManager' is obsolete: 'WebRequest, HttpWebRequest, ServicePoint, and WebClient are obsolete. Use HttpClient instead. Settings on ServicePointManager no longer affect SslStream or HttpClient.' (https://aka.ms/dotnet-warnings/SYSLIB0014) [E:\vs\Projects\PlatformIndependentNuGetPackages\SunamoHttp\SunamoHttp\SunamoHttp.csproj::TargetFramework=net9.0]
E:\vs\Projects\PlatformIndependentNuGetPackages\SunamoHttp\SunamoHttp\NetHelperSunamo.cs(26,9): warning SYSLIB0014: 'ServicePointManager' is obsolete: 'WebRequest, HttpWebRequest, ServicePoint, and WebClient are obsolete. Use HttpClient instead. Settings on ServicePointManager no longer affect SslStream or HttpClient.' (https://aka.ms/dotnet-warnings/SYSLIB0014) [E:\vs\Projects\PlatformIndependentNuGetPackages\SunamoHttp\SunamoHttp\SunamoHttp.csproj::TargetFramework=net9.0]
E:\vs\Projects\PlatformIndependentNuGetPackages\SunamoHttp\SunamoHttp\NetHelperSunamo.cs(17,13): warning CS8622: Nullability of reference types in type of parameter 'certificate' of 'anonymous method' doesn't match the target delegate 'RemoteCertificateValidationCallback' (possibly because of nullability attributes). [E:\vs\Projects\PlatformIndependentNuGetPackages\SunamoHttp\SunamoHttp\SunamoHttp.csproj::TargetFramework=net9.0]
E:\vs\Projects\PlatformIndependentNuGetPackages\SunamoHttp\SunamoHttp\NetHelperSunamo.cs(17,13): warning CS8622: Nullability of reference types in type of parameter 'chain' of 'anonymous method' doesn't match the target delegate 'RemoteCertificateValidationCallback' (possibly because of nullability attributes). [E:\vs\Projects\PlatformIndependentNuGetPackages\SunamoHttp\SunamoHttp\SunamoHttp.csproj::TargetFramework=net9.0]
E:\vs\Projects\PlatformIndependentNuGetPackages\SunamoHttp\SunamoHttp\HttpClientHelper.cs(126,40): warning CS8600: Converting null literal or possible null value to non-nullable type. [E:\vs\Projects\PlatformIndependentNuGetPackages\SunamoHttp\SunamoHttp\SunamoHttp.csproj::TargetFramework=net9.0]
E:\vs\Projects\PlatformIndependentNuGetPackages\SunamoHttp\SunamoHttp\HttpClientHelper.cs(146,16): warning CS8603: Possible null reference return. [E:\vs\Projects\PlatformIndependentNuGetPackages\SunamoHttp\SunamoHttp\SunamoHttp.csproj::TargetFramework=net9.0]
E:\vs\Projects\PlatformIndependentNuGetPackages\SunamoHttp\SunamoHttp\_sunamo\SharedAlgorithms.cs(45,46): warning CS8603: Possible null reference return. [E:\vs\Projects\PlatformIndependentNuGetPackages\SunamoHttp\SunamoHttp\SunamoHttp.csproj::TargetFramework=net9.0]
E:\vs\Projects\PlatformIndependentNuGetPackages\SunamoHttp\SunamoHttp\_sunamo\SharedAlgorithms.cs(53,16): warning CS8603: Possible null reference return. [E:\vs\Projects\PlatformIndependentNuGetPackages\SunamoHttp\SunamoHttp\SunamoHttp.csproj::TargetFramework=net9.0]
E:\vs\Projects\PlatformIndependentNuGetPackages\SunamoHttp\SunamoHttp\HttpRequestGetResponses.cs(35,39): warning SYSLIB0014: 'WebRequest.Create(string)' is obsolete: 'WebRequest, HttpWebRequest, ServicePoint, and WebClient are obsolete. Use HttpClient instead.' (https://aka.ms/dotnet-warnings/SYSLIB0014) [E:\vs\Projects\PlatformIndependentNuGetPackages\SunamoHttp\SunamoHttp\SunamoHttp.csproj::TargetFramework=net9.0]
E:\vs\Projects\PlatformIndependentNuGetPackages\SunamoHttp\SunamoHttp\HttpRequestGetResponses.cs(39,35): warning CS8600: Converting null literal or possible null value to non-nullable type. [E:\vs\Projects\PlatformIndependentNuGetPackages\SunamoHttp\SunamoHttp\SunamoHttp.csproj::TargetFramework=net9.0]
E:\vs\Projects\PlatformIndependentNuGetPackages\SunamoHttp\SunamoHttp\HttpRequestGetResponses.cs(51,37): warning CS8600: Converting null literal or possible null value to non-nullable type. [E:\vs\Projects\PlatformIndependentNuGetPackages\SunamoHttp\SunamoHttp\SunamoHttp.csproj::TargetFramework=net9.0]
E:\vs\Projects\PlatformIndependentNuGetPackages\SunamoHttp\SunamoHttp\HttpRequestGetResponses.cs(58,53): warning CS8604: Possible null reference argument for parameter 'name' in 'Encoding Encoding.GetEncoding(string name)'. [E:\vs\Projects\PlatformIndependentNuGetPackages\SunamoHttp\SunamoHttp\SunamoHttp.csproj::TargetFramework=net9.0]
E:\vs\Projects\PlatformIndependentNuGetPackages\SunamoHttp\SunamoHttp\HttpRequestGetResponses.cs(94,39): warning SYSLIB0014: 'WebRequest.CreateHttp(string)' is obsolete: 'WebRequest, HttpWebRequest, ServicePoint, and WebClient are obsolete. Use HttpClient instead.' (https://aka.ms/dotnet-warnings/SYSLIB0014) [E:\vs\Projects\PlatformIndependentNuGetPackages\SunamoHttp\SunamoHttp\SunamoHttp.csproj::TargetFramework=net9.0]
E:\vs\Projects\PlatformIndependentNuGetPackages\SunamoHttp\SunamoHttp\HttpRequestGetResponses.cs(101,33): warning CS8600: Converting null literal or possible null value to non-nullable type. [E:\vs\Projects\PlatformIndependentNuGetPackages\SunamoHttp\SunamoHttp\SunamoHttp.csproj::TargetFramework=net9.0]
E:\vs\Projects\PlatformIndependentNuGetPackages\SunamoHttp\SunamoHttp\HttpRequestGetResponses.cs(104,49): warning CS8604: Possible null reference argument for parameter 'name' in 'Encoding Encoding.GetEncoding(string name)'. [E:\vs\Projects\PlatformIndependentNuGetPackages\SunamoHttp\SunamoHttp\SunamoHttp.csproj::TargetFramework=net9.0]
E:\vs\Projects\PlatformIndependentNuGetPackages\SunamoHttp\SunamoHttp\HttpRequestGetResponses.cs(108,39): warning CS8600: Converting null literal or possible null value to non-nullable type. [E:\vs\Projects\PlatformIndependentNuGetPackages\SunamoHttp\SunamoHttp\SunamoHttp.csproj::TargetFramework=net9.0]
E:\vs\Projects\PlatformIndependentNuGetPackages\SunamoHttp\SunamoHttp\HttpRequestGetResponses.cs(153,39): warning SYSLIB0014: 'WebRequest.Create(string)' is obsolete: 'WebRequest, HttpWebRequest, ServicePoint, and WebClient are obsolete. Use HttpClient instead.' (https://aka.ms/dotnet-warnings/SYSLIB0014) [E:\vs\Projects\PlatformIndependentNuGetPackages\SunamoHttp\SunamoHttp\SunamoHttp.csproj::TargetFramework=net9.0]
E:\vs\Projects\PlatformIndependentNuGetPackages\SunamoHttp\SunamoHttp\HttpRequestGetResponses.cs(156,36): warning CS8600: Converting null literal or possible null value to non-nullable type. [E:\vs\Projects\PlatformIndependentNuGetPackages\SunamoHttp\SunamoHttp\SunamoHttp.csproj::TargetFramework=net9.0]
E:\vs\Projects\PlatformIndependentNuGetPackages\SunamoHttp\SunamoHttp\HttpRequestGetResponses.cs(163,20): warning CS8603: Possible null reference return. [E:\vs\Projects\PlatformIndependentNuGetPackages\SunamoHttp\SunamoHttp\SunamoHttp.csproj::TargetFramework=net9.0]
E:\vs\Projects\PlatformIndependentNuGetPackages\SunamoHttp\SunamoHttp\HttpRequestGetResponses.cs(180,50): warning SYSLIB0014: 'WebRequest.Create(string)' is obsolete: 'WebRequest, HttpWebRequest, ServicePoint, and WebClient are obsolete. Use HttpClient instead.' (https://aka.ms/dotnet-warnings/SYSLIB0014) [E:\vs\Projects\PlatformIndependentNuGetPackages\SunamoHttp\SunamoHttp\SunamoHttp.csproj::TargetFramework=net9.0]
E:\vs\Projects\PlatformIndependentNuGetPackages\SunamoHttp\SunamoHttp\HttpClientHelper.cs(21,75): warning CS8625: Cannot convert null literal to non-nullable reference type. [E:\vs\Projects\PlatformIndependentNuGetPackages\SunamoHttp\SunamoHttp\SunamoHttp.csproj::TargetFramework=net9.0]
E:\vs\Projects\PlatformIndependentNuGetPackages\SunamoHttp\SunamoHttp\HttpRequestGetResponses.cs(202,20): warning CS8625: Cannot convert null literal to non-nullable reference type. [E:\vs\Projects\PlatformIndependentNuGetPackages\SunamoHttp\SunamoHttp\SunamoHttp.csproj::TargetFramework=net9.0]
E:\vs\Projects\PlatformIndependentNuGetPackages\SunamoHttp\SunamoHttp\HttpRequestGetResponses.cs(217,25): warning CS8600: Converting null literal or possible null value to non-nullable type. [E:\vs\Projects\PlatformIndependentNuGetPackages\SunamoHttp\SunamoHttp\SunamoHttp.csproj::TargetFramework=net9.0]
E:\vs\Projects\PlatformIndependentNuGetPackages\SunamoHttp\SunamoHttp\HttpRequestGetResponses.cs(223,32): warning CS8600: Converting null literal or possible null value to non-nullable type. [E:\vs\Projects\PlatformIndependentNuGetPackages\SunamoHttp\SunamoHttp\SunamoHttp.csproj::TargetFramework=net9.0]
E:\vs\Projects\PlatformIndependentNuGetPackages\SunamoHttp\SunamoHttp\HttpRequestGetResponses.cs(256,33): warning CS8600: Converting null literal or possible null value to non-nullable type. [E:\vs\Projects\PlatformIndependentNuGetPackages\SunamoHttp\SunamoHttp\SunamoHttp.csproj::TargetFramework=net9.0]
E:\vs\Projects\PlatformIndependentNuGetPackages\SunamoHttp\SunamoHttp\HttpRequestGetResponses.cs(259,49): warning CS8604: Possible null reference argument for parameter 'name' in 'Encoding Encoding.GetEncoding(string name)'. [E:\vs\Projects\PlatformIndependentNuGetPackages\SunamoHttp\SunamoHttp\SunamoHttp.csproj::TargetFramework=net9.0]
E:\vs\Projects\PlatformIndependentNuGetPackages\SunamoHttp\SunamoHttp\HttpRequestGetResponses.cs(263,39): warning CS8600: Converting null literal or possible null value to non-nullable type. [E:\vs\Projects\PlatformIndependentNuGetPackages\SunamoHttp\SunamoHttp\SunamoHttp.csproj::TargetFramework=net9.0]
E:\vs\Projects\PlatformIndependentNuGetPackages\SunamoHttp\SunamoHttp\HttpRequestHelper.cs(24,23): warning CS8600: Converting null literal or possible null value to non-nullable type. [E:\vs\Projects\PlatformIndependentNuGetPackages\SunamoHttp\SunamoHttp\SunamoHttp.csproj::TargetFramework=net9.0]
E:\vs\Projects\PlatformIndependentNuGetPackages\SunamoHttp\SunamoHttp\HttpRequestHelper.cs(27,47): warning CS8625: Cannot convert null literal to non-nullable reference type. [E:\vs\Projects\PlatformIndependentNuGetPackages\SunamoHttp\SunamoHttp\SunamoHttp.csproj::TargetFramework=net9.0]
E:\vs\Projects\PlatformIndependentNuGetPackages\SunamoHttp\SunamoHttp\HttpRequestHelper.cs(63,38): warning SYSLIB0014: 'WebRequest.Create(string)' is obsolete: 'WebRequest, HttpWebRequest, ServicePoint, and WebClient are obsolete. Use HttpClient instead.' (https://aka.ms/dotnet-warnings/SYSLIB0014) [E:\vs\Projects\PlatformIndependentNuGetPackages\SunamoHttp\SunamoHttp\SunamoHttp.csproj::TargetFramework=net9.0]
E:\vs\Projects\PlatformIndependentNuGetPackages\SunamoHttp\SunamoHttp\HttpRequestHelper.cs(63,38): warning CS8600: Converting null literal or possible null value to non-nullable type. [E:\vs\Projects\PlatformIndependentNuGetPackages\SunamoHttp\SunamoHttp\SunamoHttp.csproj::TargetFramework=net9.0]
E:\vs\Projects\PlatformIndependentNuGetPackages\SunamoHttp\SunamoHttp\HttpRequestHelper.cs(64,13): warning CS8602: Dereference of a possibly null reference. [E:\vs\Projects\PlatformIndependentNuGetPackages\SunamoHttp\SunamoHttp\SunamoHttp.csproj::TargetFramework=net9.0]
E:\vs\Projects\PlatformIndependentNuGetPackages\SunamoHttp\SunamoHttp\HttpRequestHelper.cs(65,40): warning CS8600: Converting null literal or possible null value to non-nullable type. [E:\vs\Projects\PlatformIndependentNuGetPackages\SunamoHttp\SunamoHttp\SunamoHttp.csproj::TargetFramework=net9.0]
E:\vs\Projects\PlatformIndependentNuGetPackages\SunamoHttp\SunamoHttp\HttpRequestHelper.cs(66,13): warning CS8602: Dereference of a possibly null reference. [E:\vs\Projects\PlatformIndependentNuGetPackages\SunamoHttp\SunamoHttp\SunamoHttp.csproj::TargetFramework=net9.0]
E:\vs\Projects\PlatformIndependentNuGetPackages\SunamoHttp\SunamoHttp\HttpRequestHelper.cs(85,50): warning CS8604: Possible null reference argument for parameter 'address' in 'string HttpRequestHelper.GetResponseText(ILogger logger, GetResponseArgs args, string address, HttpMethod method, HttpRequestData httpRequestData, out HttpWebResponse response)'. [E:\vs\Projects\PlatformIndependentNuGetPackages\SunamoHttp\SunamoHttp\SunamoHttp.csproj::TargetFramework=net9.0]
E:\vs\Projects\PlatformIndependentNuGetPackages\SunamoHttp\SunamoHttp\HttpRequestHelper.cs(85,82): warning CS8625: Cannot convert null literal to non-nullable reference type. [E:\vs\Projects\PlatformIndependentNuGetPackages\SunamoHttp\SunamoHttp\SunamoHttp.csproj::TargetFramework=net9.0]
E:\vs\Projects\PlatformIndependentNuGetPackages\SunamoHttp\SunamoHttp\HttpRequestHelper.cs(99,50): warning CS8604: Possible null reference argument for parameter 'address' in 'string HttpRequestHelper.GetResponseText(ILogger logger, GetResponseArgs args, string address, HttpMethod method, HttpRequestData httpRequestData, out HttpWebResponse response)'. [E:\vs\Projects\PlatformIndependentNuGetPackages\SunamoHttp\SunamoHttp\SunamoHttp.csproj::TargetFramework=net9.0]
E:\vs\Projects\PlatformIndependentNuGetPackages\SunamoHttp\SunamoHttp\HttpRequestHelper.cs(99,82): warning CS8625: Cannot convert null literal to non-nullable reference type. [E:\vs\Projects\PlatformIndependentNuGetPackages\SunamoHttp\SunamoHttp\SunamoHttp.csproj::TargetFramework=net9.0]
E:\vs\Projects\PlatformIndependentNuGetPackages\SunamoHttp\SunamoHttp\HttpRequestHelper.cs(188,64): warning CS8625: Cannot convert null literal to non-nullable reference type. [E:\vs\Projects\PlatformIndependentNuGetPackages\SunamoHttp\SunamoHttp\SunamoHttp.csproj::TargetFramework=net9.0]
  SunamoHttp -> E:\vs\Projects\PlatformIndependentNuGetPackages\SunamoHttp\SunamoHttp\bin\Debug\net9.0\SunamoHttp.dll
E:\vs\Projects\PlatformIndependentNuGetPackages\SunamoHttp\SunamoHttp\HttpClientHelper.cs(42,86): warning CS8625: Cannot convert null literal to non-nullable reference type. [E:\vs\Projects\PlatformIndependentNuGetPackages\SunamoHttp\SunamoHttp\SunamoHttp.csproj::TargetFramework=net8.0]
E:\vs\Projects\PlatformIndependentNuGetPackages\SunamoHttp\SunamoHttp\HttpClientHelper.cs(116,90): warning CS8625: Cannot convert null literal to non-nullable reference type. [E:\vs\Projects\PlatformIndependentNuGetPackages\SunamoHttp\SunamoHttp\SunamoHttp.csproj::TargetFramework=net8.0]
E:\vs\Projects\PlatformIndependentNuGetPackages\SunamoHttp\SunamoHttp\HttpRequestHelper.cs(18,126): warning CS8625: Cannot convert null literal to non-nullable reference type. [E:\vs\Projects\PlatformIndependentNuGetPackages\SunamoHttp\SunamoHttp\SunamoHttp.csproj::TargetFramework=net8.0]
E:\vs\Projects\PlatformIndependentNuGetPackages\SunamoHttp\SunamoHttp\HttpRequestHelper.cs(42,132): warning CS8625: Cannot convert null literal to non-nullable reference type. [E:\vs\Projects\PlatformIndependentNuGetPackages\SunamoHttp\SunamoHttp\SunamoHttp.csproj::TargetFramework=net8.0]
E:\vs\Projects\PlatformIndependentNuGetPackages\SunamoHttp\SunamoHttp\HttpRequestHelper.cs(113,219): warning CS8625: Cannot convert null literal to non-nullable reference type. [E:\vs\Projects\PlatformIndependentNuGetPackages\SunamoHttp\SunamoHttp\SunamoHttp.csproj::TargetFramework=net8.0]
E:\vs\Projects\PlatformIndependentNuGetPackages\SunamoHttp\SunamoHttp\HttpRequestHelper.cs(141,187): warning CS8625: Cannot convert null literal to non-nullable reference type. [E:\vs\Projects\PlatformIndependentNuGetPackages\SunamoHttp\SunamoHttp\SunamoHttp.csproj::TargetFramework=net8.0]
E:\vs\Projects\PlatformIndependentNuGetPackages\SunamoHttp\SunamoHttp\HttpRequestHelper.cs(204,204): warning CS8625: Cannot convert null literal to non-nullable reference type. [E:\vs\Projects\PlatformIndependentNuGetPackages\SunamoHttp\SunamoHttp\SunamoHttp.csproj::TargetFramework=net8.0]
E:\vs\Projects\PlatformIndependentNuGetPackages\SunamoHttp\SunamoHttp\Args\GetResponseArgs.cs(11,28): warning CS8618: Non-nullable property 'Cookies' must contain a non-null value when exiting constructor. Consider adding the 'required' modifier or declaring the property as nullable. [E:\vs\Projects\PlatformIndependentNuGetPackages\SunamoHttp\SunamoHttp\SunamoHttp.csproj::TargetFramework=net8.0]
E:\vs\Projects\PlatformIndependentNuGetPackages\SunamoHttp\SunamoHttp\Data\UploadFile.cs(11,12): warning CS8618: Non-nullable property 'Name' must contain a non-null value when exiting constructor. Consider adding the 'required' modifier or declaring the property as nullable. [E:\vs\Projects\PlatformIndependentNuGetPackages\SunamoHttp\SunamoHttp\SunamoHttp.csproj::TargetFramework=net8.0]
E:\vs\Projects\PlatformIndependentNuGetPackages\SunamoHttp\SunamoHttp\Data\UploadFile.cs(11,12): warning CS8618: Non-nullable property 'Filename' must contain a non-null value when exiting constructor. Consider adding the 'required' modifier or declaring the property as nullable. [E:\vs\Projects\PlatformIndependentNuGetPackages\SunamoHttp\SunamoHttp\SunamoHttp.csproj::TargetFramework=net8.0]
E:\vs\Projects\PlatformIndependentNuGetPackages\SunamoHttp\SunamoHttp\Data\UploadFile.cs(11,12): warning CS8618: Non-nullable property 'Stream' must contain a non-null value when exiting constructor. Consider adding the 'required' modifier or declaring the property as nullable. [E:\vs\Projects\PlatformIndependentNuGetPackages\SunamoHttp\SunamoHttp\SunamoHttp.csproj::TargetFramework=net8.0]
E:\vs\Projects\PlatformIndependentNuGetPackages\SunamoHttp\SunamoHttp\Data\HttpRequestData.cs(11,42): warning CS8625: Cannot convert null literal to non-nullable reference type. [E:\vs\Projects\PlatformIndependentNuGetPackages\SunamoHttp\SunamoHttp\SunamoHttp.csproj::TargetFramework=net8.0]
E:\vs\Projects\PlatformIndependentNuGetPackages\SunamoHttp\SunamoHttp\Data\HttpRequestData.cs(17,48): warning CS8625: Cannot convert null literal to non-nullable reference type. [E:\vs\Projects\PlatformIndependentNuGetPackages\SunamoHttp\SunamoHttp\SunamoHttp.csproj::TargetFramework=net8.0]
E:\vs\Projects\PlatformIndependentNuGetPackages\SunamoHttp\SunamoHttp\Data\HttpRequestData.cs(22,47): warning CS8625: Cannot convert null literal to non-nullable reference type. [E:\vs\Projects\PlatformIndependentNuGetPackages\SunamoHttp\SunamoHttp\SunamoHttp.csproj::TargetFramework=net8.0]
E:\vs\Projects\PlatformIndependentNuGetPackages\SunamoHttp\SunamoHttp\Data\HttpRequestData.cs(32,52): warning CS8625: Cannot convert null literal to non-nullable reference type. [E:\vs\Projects\PlatformIndependentNuGetPackages\SunamoHttp\SunamoHttp\SunamoHttp.csproj::TargetFramework=net8.0]
E:\vs\Projects\PlatformIndependentNuGetPackages\SunamoHttp\SunamoHttp\Data\HttpRequestData.cs(27,21): warning CS8618: Non-nullable property 'EncodingPostData' must contain a non-null value when exiting constructor. Consider adding the 'required' modifier or declaring the property as nullable. [E:\vs\Projects\PlatformIndependentNuGetPackages\SunamoHttp\SunamoHttp\SunamoHttp.csproj::TargetFramework=net8.0]
E:\vs\Projects\PlatformIndependentNuGetPackages\SunamoHttp\SunamoHttp\WebClientHelper.cs(32,42): warning SYSLIB0014: 'WebClient.WebClient()' is obsolete: 'WebRequest, HttpWebRequest, ServicePoint, and WebClient are obsolete. Use HttpClient instead.' (https://aka.ms/dotnet-warnings/SYSLIB0014) [E:\vs\Projects\PlatformIndependentNuGetPackages\SunamoHttp\SunamoHttp\SunamoHttp.csproj::TargetFramework=net8.0]
E:\vs\Projects\PlatformIndependentNuGetPackages\SunamoHttp\SunamoHttp\SunamoWebClient.cs(16,5): warning SYSLIB0014: 'WebClient.WebClient()' is obsolete: 'WebRequest, HttpWebRequest, ServicePoint, and WebClient are obsolete. Use HttpClient instead.' (https://aka.ms/dotnet-warnings/SYSLIB0014) [E:\vs\Projects\PlatformIndependentNuGetPackages\SunamoHttp\SunamoHttp\SunamoHttp.csproj::TargetFramework=net8.0]
E:\vs\Projects\PlatformIndependentNuGetPackages\SunamoHttp\SunamoHttp\SunamoWebClient.cs(11,60): warning CS8625: Cannot convert null literal to non-nullable reference type. [E:\vs\Projects\PlatformIndependentNuGetPackages\SunamoHttp\SunamoHttp\SunamoHttp.csproj::TargetFramework=net8.0]
E:\vs\Projects\PlatformIndependentNuGetPackages\SunamoHttp\SunamoHttp\_sunamo\FS.cs(28,20): warning CS8600: Converting null literal or possible null value to non-nullable type. [E:\vs\Projects\PlatformIndependentNuGetPackages\SunamoHttp\SunamoHttp\SunamoHttp.csproj::TargetFramework=net8.0]
E:\vs\Projects\PlatformIndependentNuGetPackages\SunamoHttp\SunamoHttp\_sunamo\FS.cs(37,33): warning CS8604: Possible null reference argument for parameter 'item' in 'void List<string>.Add(string item)'. [E:\vs\Projects\PlatformIndependentNuGetPackages\SunamoHttp\SunamoHttp\SunamoHttp.csproj::TargetFramework=net8.0]
E:\vs\Projects\PlatformIndependentNuGetPackages\SunamoHttp\SunamoHttp\_sunamo\FS.cs(77,29): warning CS8600: Converting null literal or possible null value to non-nullable type. [E:\vs\Projects\PlatformIndependentNuGetPackages\SunamoHttp\SunamoHttp\SunamoHttp.csproj::TargetFramework=net8.0]
E:\vs\Projects\PlatformIndependentNuGetPackages\SunamoHttp\SunamoHttp\_sunamo\SharedAlgorithms.cs(45,46): warning CS8603: Possible null reference return. [E:\vs\Projects\PlatformIndependentNuGetPackages\SunamoHttp\SunamoHttp\SunamoHttp.csproj::TargetFramework=net8.0]
E:\vs\Projects\PlatformIndependentNuGetPackages\SunamoHttp\SunamoHttp\_sunamo\SharedAlgorithms.cs(53,16): warning CS8603: Possible null reference return. [E:\vs\Projects\PlatformIndependentNuGetPackages\SunamoHttp\SunamoHttp\SunamoHttp.csproj::TargetFramework=net8.0]
E:\vs\Projects\PlatformIndependentNuGetPackages\SunamoHttp\SunamoHttp\HttpClientHelper.cs(126,40): warning CS8600: Converting null literal or possible null value to non-nullable type. [E:\vs\Projects\PlatformIndependentNuGetPackages\SunamoHttp\SunamoHttp\SunamoHttp.csproj::TargetFramework=net8.0]
E:\vs\Projects\PlatformIndependentNuGetPackages\SunamoHttp\SunamoHttp\HttpClientHelper.cs(146,16): warning CS8603: Possible null reference return. [E:\vs\Projects\PlatformIndependentNuGetPackages\SunamoHttp\SunamoHttp\SunamoHttp.csproj::TargetFramework=net8.0]
E:\vs\Projects\PlatformIndependentNuGetPackages\SunamoHttp\SunamoHttp\HttpRequestGetResponses.cs(35,39): warning SYSLIB0014: 'WebRequest.Create(string)' is obsolete: 'WebRequest, HttpWebRequest, ServicePoint, and WebClient are obsolete. Use HttpClient instead.' (https://aka.ms/dotnet-warnings/SYSLIB0014) [E:\vs\Projects\PlatformIndependentNuGetPackages\SunamoHttp\SunamoHttp\SunamoHttp.csproj::TargetFramework=net8.0]
E:\vs\Projects\PlatformIndependentNuGetPackages\SunamoHttp\SunamoHttp\HttpRequestGetResponses.cs(39,35): warning CS8600: Converting null literal or possible null value to non-nullable type. [E:\vs\Projects\PlatformIndependentNuGetPackages\SunamoHttp\SunamoHttp\SunamoHttp.csproj::TargetFramework=net8.0]
E:\vs\Projects\PlatformIndependentNuGetPackages\SunamoHttp\SunamoHttp\HttpRequestGetResponses.cs(51,37): warning CS8600: Converting null literal or possible null value to non-nullable type. [E:\vs\Projects\PlatformIndependentNuGetPackages\SunamoHttp\SunamoHttp\SunamoHttp.csproj::TargetFramework=net8.0]
E:\vs\Projects\PlatformIndependentNuGetPackages\SunamoHttp\SunamoHttp\HttpRequestGetResponses.cs(58,53): warning CS8604: Possible null reference argument for parameter 'name' in 'Encoding Encoding.GetEncoding(string name)'. [E:\vs\Projects\PlatformIndependentNuGetPackages\SunamoHttp\SunamoHttp\SunamoHttp.csproj::TargetFramework=net8.0]
E:\vs\Projects\PlatformIndependentNuGetPackages\SunamoHttp\SunamoHttp\NetHelperSunamo.cs(17,13): warning CS8622: Nullability of reference types in type of parameter 'certificate' of 'anonymous method' doesn't match the target delegate 'RemoteCertificateValidationCallback' (possibly because of nullability attributes). [E:\vs\Projects\PlatformIndependentNuGetPackages\SunamoHttp\SunamoHttp\SunamoHttp.csproj::TargetFramework=net8.0]
E:\vs\Projects\PlatformIndependentNuGetPackages\SunamoHttp\SunamoHttp\NetHelperSunamo.cs(17,13): warning CS8622: Nullability of reference types in type of parameter 'chain' of 'anonymous method' doesn't match the target delegate 'RemoteCertificateValidationCallback' (possibly because of nullability attributes). [E:\vs\Projects\PlatformIndependentNuGetPackages\SunamoHttp\SunamoHttp\SunamoHttp.csproj::TargetFramework=net8.0]
E:\vs\Projects\PlatformIndependentNuGetPackages\SunamoHttp\SunamoHttp\HttpRequestGetResponses.cs(94,39): warning SYSLIB0014: 'WebRequest.CreateHttp(string)' is obsolete: 'WebRequest, HttpWebRequest, ServicePoint, and WebClient are obsolete. Use HttpClient instead.' (https://aka.ms/dotnet-warnings/SYSLIB0014) [E:\vs\Projects\PlatformIndependentNuGetPackages\SunamoHttp\SunamoHttp\SunamoHttp.csproj::TargetFramework=net8.0]
E:\vs\Projects\PlatformIndependentNuGetPackages\SunamoHttp\SunamoHttp\HttpRequestGetResponses.cs(101,33): warning CS8600: Converting null literal or possible null value to non-nullable type. [E:\vs\Projects\PlatformIndependentNuGetPackages\SunamoHttp\SunamoHttp\SunamoHttp.csproj::TargetFramework=net8.0]
E:\vs\Projects\PlatformIndependentNuGetPackages\SunamoHttp\SunamoHttp\HttpRequestGetResponses.cs(104,49): warning CS8604: Possible null reference argument for parameter 'name' in 'Encoding Encoding.GetEncoding(string name)'. [E:\vs\Projects\PlatformIndependentNuGetPackages\SunamoHttp\SunamoHttp\SunamoHttp.csproj::TargetFramework=net8.0]
E:\vs\Projects\PlatformIndependentNuGetPackages\SunamoHttp\SunamoHttp\HttpRequestGetResponses.cs(108,39): warning CS8600: Converting null literal or possible null value to non-nullable type. [E:\vs\Projects\PlatformIndependentNuGetPackages\SunamoHttp\SunamoHttp\SunamoHttp.csproj::TargetFramework=net8.0]
E:\vs\Projects\PlatformIndependentNuGetPackages\SunamoHttp\SunamoHttp\HttpRequestGetResponses.cs(153,39): warning SYSLIB0014: 'WebRequest.Create(string)' is obsolete: 'WebRequest, HttpWebRequest, ServicePoint, and WebClient are obsolete. Use HttpClient instead.' (https://aka.ms/dotnet-warnings/SYSLIB0014) [E:\vs\Projects\PlatformIndependentNuGetPackages\SunamoHttp\SunamoHttp\SunamoHttp.csproj::TargetFramework=net8.0]
E:\vs\Projects\PlatformIndependentNuGetPackages\SunamoHttp\SunamoHttp\HttpRequestGetResponses.cs(156,36): warning CS8600: Converting null literal or possible null value to non-nullable type. [E:\vs\Projects\PlatformIndependentNuGetPackages\SunamoHttp\SunamoHttp\SunamoHttp.csproj::TargetFramework=net8.0]
E:\vs\Projects\PlatformIndependentNuGetPackages\SunamoHttp\SunamoHttp\HttpRequestGetResponses.cs(163,20): warning CS8603: Possible null reference return. [E:\vs\Projects\PlatformIndependentNuGetPackages\SunamoHttp\SunamoHttp\SunamoHttp.csproj::TargetFramework=net8.0]
E:\vs\Projects\PlatformIndependentNuGetPackages\SunamoHttp\SunamoHttp\HttpRequestGetResponses.cs(180,50): warning SYSLIB0014: 'WebRequest.Create(string)' is obsolete: 'WebRequest, HttpWebRequest, ServicePoint, and WebClient are obsolete. Use HttpClient instead.' (https://aka.ms/dotnet-warnings/SYSLIB0014) [E:\vs\Projects\PlatformIndependentNuGetPackages\SunamoHttp\SunamoHttp\SunamoHttp.csproj::TargetFramework=net8.0]
E:\vs\Projects\PlatformIndependentNuGetPackages\SunamoHttp\SunamoHttp\HttpClientHelper.cs(21,75): warning CS8625: Cannot convert null literal to non-nullable reference type. [E:\vs\Projects\PlatformIndependentNuGetPackages\SunamoHttp\SunamoHttp\SunamoHttp.csproj::TargetFramework=net8.0]
E:\vs\Projects\PlatformIndependentNuGetPackages\SunamoHttp\SunamoHttp\HttpRequestGetResponses.cs(202,20): warning CS8625: Cannot convert null literal to non-nullable reference type. [E:\vs\Projects\PlatformIndependentNuGetPackages\SunamoHttp\SunamoHttp\SunamoHttp.csproj::TargetFramework=net8.0]
E:\vs\Projects\PlatformIndependentNuGetPackages\SunamoHttp\SunamoHttp\HttpRequestGetResponses.cs(217,25): warning CS8600: Converting null literal or possible null value to non-nullable type. [E:\vs\Projects\PlatformIndependentNuGetPackages\SunamoHttp\SunamoHttp\SunamoHttp.csproj::TargetFramework=net8.0]
E:\vs\Projects\PlatformIndependentNuGetPackages\SunamoHttp\SunamoHttp\HttpRequestGetResponses.cs(223,32): warning CS8600: Converting null literal or possible null value to non-nullable type. [E:\vs\Projects\PlatformIndependentNuGetPackages\SunamoHttp\SunamoHttp\SunamoHttp.csproj::TargetFramework=net8.0]
E:\vs\Projects\PlatformIndependentNuGetPackages\SunamoHttp\SunamoHttp\HttpRequestGetResponses.cs(256,33): warning CS8600: Converting null literal or possible null value to non-nullable type. [E:\vs\Projects\PlatformIndependentNuGetPackages\SunamoHttp\SunamoHttp\SunamoHttp.csproj::TargetFramework=net8.0]
E:\vs\Projects\PlatformIndependentNuGetPackages\SunamoHttp\SunamoHttp\HttpRequestGetResponses.cs(259,49): warning CS8604: Possible null reference argument for parameter 'name' in 'Encoding Encoding.GetEncoding(string name)'. [E:\vs\Projects\PlatformIndependentNuGetPackages\SunamoHttp\SunamoHttp\SunamoHttp.csproj::TargetFramework=net8.0]
E:\vs\Projects\PlatformIndependentNuGetPackages\SunamoHttp\SunamoHttp\HttpRequestGetResponses.cs(263,39): warning CS8600: Converting null literal or possible null value to non-nullable type. [E:\vs\Projects\PlatformIndependentNuGetPackages\SunamoHttp\SunamoHttp\SunamoHttp.csproj::TargetFramework=net8.0]
E:\vs\Projects\PlatformIndependentNuGetPackages\SunamoHttp\SunamoHttp\HttpRequestHelper.cs(24,23): warning CS8600: Converting null literal or possible null value to non-nullable type. [E:\vs\Projects\PlatformIndependentNuGetPackages\SunamoHttp\SunamoHttp\SunamoHttp.csproj::TargetFramework=net8.0]
E:\vs\Projects\PlatformIndependentNuGetPackages\SunamoHttp\SunamoHttp\HttpRequestHelper.cs(27,47): warning CS8625: Cannot convert null literal to non-nullable reference type. [E:\vs\Projects\PlatformIndependentNuGetPackages\SunamoHttp\SunamoHttp\SunamoHttp.csproj::TargetFramework=net8.0]
E:\vs\Projects\PlatformIndependentNuGetPackages\SunamoHttp\SunamoHttp\HttpRequestHelper.cs(63,38): warning SYSLIB0014: 'WebRequest.Create(string)' is obsolete: 'WebRequest, HttpWebRequest, ServicePoint, and WebClient are obsolete. Use HttpClient instead.' (https://aka.ms/dotnet-warnings/SYSLIB0014) [E:\vs\Projects\PlatformIndependentNuGetPackages\SunamoHttp\SunamoHttp\SunamoHttp.csproj::TargetFramework=net8.0]
E:\vs\Projects\PlatformIndependentNuGetPackages\SunamoHttp\SunamoHttp\HttpRequestHelper.cs(63,38): warning CS8600: Converting null literal or possible null value to non-nullable type. [E:\vs\Projects\PlatformIndependentNuGetPackages\SunamoHttp\SunamoHttp\SunamoHttp.csproj::TargetFramework=net8.0]
E:\vs\Projects\PlatformIndependentNuGetPackages\SunamoHttp\SunamoHttp\HttpRequestHelper.cs(64,13): warning CS8602: Dereference of a possibly null reference. [E:\vs\Projects\PlatformIndependentNuGetPackages\SunamoHttp\SunamoHttp\SunamoHttp.csproj::TargetFramework=net8.0]
E:\vs\Projects\PlatformIndependentNuGetPackages\SunamoHttp\SunamoHttp\HttpRequestHelper.cs(65,40): warning CS8600: Converting null literal or possible null value to non-nullable type. [E:\vs\Projects\PlatformIndependentNuGetPackages\SunamoHttp\SunamoHttp\SunamoHttp.csproj::TargetFramework=net8.0]
E:\vs\Projects\PlatformIndependentNuGetPackages\SunamoHttp\SunamoHttp\HttpRequestHelper.cs(66,13): warning CS8602: Dereference of a possibly null reference. [E:\vs\Projects\PlatformIndependentNuGetPackages\SunamoHttp\SunamoHttp\SunamoHttp.csproj::TargetFramework=net8.0]
E:\vs\Projects\PlatformIndependentNuGetPackages\SunamoHttp\SunamoHttp\HttpRequestHelper.cs(85,50): warning CS8604: Possible null reference argument for parameter 'address' in 'string HttpRequestHelper.GetResponseText(ILogger logger, GetResponseArgs args, string address, HttpMethod method, HttpRequestData httpRequestData, out HttpWebResponse response)'. [E:\vs\Projects\PlatformIndependentNuGetPackages\SunamoHttp\SunamoHttp\SunamoHttp.csproj::TargetFramework=net8.0]
E:\vs\Projects\PlatformIndependentNuGetPackages\SunamoHttp\SunamoHttp\HttpRequestHelper.cs(85,82): warning CS8625: Cannot convert null literal to non-nullable reference type. [E:\vs\Projects\PlatformIndependentNuGetPackages\SunamoHttp\SunamoHttp\SunamoHttp.csproj::TargetFramework=net8.0]
E:\vs\Projects\PlatformIndependentNuGetPackages\SunamoHttp\SunamoHttp\HttpRequestHelper.cs(99,50): warning CS8604: Possible null reference argument for parameter 'address' in 'string HttpRequestHelper.GetResponseText(ILogger logger, GetResponseArgs args, string address, HttpMethod method, HttpRequestData httpRequestData, out HttpWebResponse response)'. [E:\vs\Projects\PlatformIndependentNuGetPackages\SunamoHttp\SunamoHttp\SunamoHttp.csproj::TargetFramework=net8.0]
E:\vs\Projects\PlatformIndependentNuGetPackages\SunamoHttp\SunamoHttp\HttpRequestHelper.cs(99,82): warning CS8625: Cannot convert null literal to non-nullable reference type. [E:\vs\Projects\PlatformIndependentNuGetPackages\SunamoHttp\SunamoHttp\SunamoHttp.csproj::TargetFramework=net8.0]
E:\vs\Projects\PlatformIndependentNuGetPackages\SunamoHttp\SunamoHttp\HttpRequestHelper.cs(188,64): warning CS8625: Cannot convert null literal to non-nullable reference type. [E:\vs\Projects\PlatformIndependentNuGetPackages\SunamoHttp\SunamoHttp\SunamoHttp.csproj::TargetFramework=net8.0]
  SunamoHttp -> E:\vs\Projects\PlatformIndependentNuGetPackages\SunamoHttp\SunamoHttp\bin\Debug\net8.0\SunamoHttp.dll
E:\vs\Projects\PlatformIndependentNuGetPackages\SunamoHttp\SunamoHttp\HttpClientHelper.cs(42,86): warning CS8625: Cannot convert null literal to non-nullable reference type. [E:\vs\Projects\PlatformIndependentNuGetPackages\SunamoHttp\SunamoHttp\SunamoHttp.csproj::TargetFramework=net10.0]
E:\vs\Projects\PlatformIndependentNuGetPackages\SunamoHttp\SunamoHttp\HttpClientHelper.cs(116,90): warning CS8625: Cannot convert null literal to non-nullable reference type. [E:\vs\Projects\PlatformIndependentNuGetPackages\SunamoHttp\SunamoHttp\SunamoHttp.csproj::TargetFramework=net10.0]
E:\vs\Projects\PlatformIndependentNuGetPackages\SunamoHttp\SunamoHttp\HttpRequestHelper.cs(18,126): warning CS8625: Cannot convert null literal to non-nullable reference type. [E:\vs\Projects\PlatformIndependentNuGetPackages\SunamoHttp\SunamoHttp\SunamoHttp.csproj::TargetFramework=net10.0]
E:\vs\Projects\PlatformIndependentNuGetPackages\SunamoHttp\SunamoHttp\HttpRequestHelper.cs(42,132): warning CS8625: Cannot convert null literal to non-nullable reference type. [E:\vs\Projects\PlatformIndependentNuGetPackages\SunamoHttp\SunamoHttp\SunamoHttp.csproj::TargetFramework=net10.0]
E:\vs\Projects\PlatformIndependentNuGetPackages\SunamoHttp\SunamoHttp\HttpRequestHelper.cs(113,219): warning CS8625: Cannot convert null literal to non-nullable reference type. [E:\vs\Projects\PlatformIndependentNuGetPackages\SunamoHttp\SunamoHttp\SunamoHttp.csproj::TargetFramework=net10.0]
E:\vs\Projects\PlatformIndependentNuGetPackages\SunamoHttp\SunamoHttp\HttpRequestHelper.cs(141,187): warning CS8625: Cannot convert null literal to non-nullable reference type. [E:\vs\Projects\PlatformIndependentNuGetPackages\SunamoHttp\SunamoHttp\SunamoHttp.csproj::TargetFramework=net10.0]
E:\vs\Projects\PlatformIndependentNuGetPackages\SunamoHttp\SunamoHttp\HttpRequestHelper.cs(204,204): warning CS8625: Cannot convert null literal to non-nullable reference type. [E:\vs\Projects\PlatformIndependentNuGetPackages\SunamoHttp\SunamoHttp\SunamoHttp.csproj::TargetFramework=net10.0]
E:\vs\Projects\PlatformIndependentNuGetPackages\SunamoHttp\SunamoHttp\Args\GetResponseArgs.cs(11,28): warning CS8618: Non-nullable property 'Cookies' must contain a non-null value when exiting constructor. Consider adding the 'required' modifier or declaring the property as nullable. [E:\vs\Projects\PlatformIndependentNuGetPackages\SunamoHttp\SunamoHttp\SunamoHttp.csproj::TargetFramework=net10.0]
E:\vs\Projects\PlatformIndependentNuGetPackages\SunamoHttp\SunamoHttp\Data\UploadFile.cs(11,12): warning CS8618: Non-nullable property 'Name' must contain a non-null value when exiting constructor. Consider adding the 'required' modifier or declaring the property as nullable. [E:\vs\Projects\PlatformIndependentNuGetPackages\SunamoHttp\SunamoHttp\SunamoHttp.csproj::TargetFramework=net10.0]
E:\vs\Projects\PlatformIndependentNuGetPackages\SunamoHttp\SunamoHttp\Data\UploadFile.cs(11,12): warning CS8618: Non-nullable property 'Filename' must contain a non-null value when exiting constructor. Consider adding the 'required' modifier or declaring the property as nullable. [E:\vs\Projects\PlatformIndependentNuGetPackages\SunamoHttp\SunamoHttp\SunamoHttp.csproj::TargetFramework=net10.0]
E:\vs\Projects\PlatformIndependentNuGetPackages\SunamoHttp\SunamoHttp\Data\UploadFile.cs(11,12): warning CS8618: Non-nullable property 'Stream' must contain a non-null value when exiting constructor. Consider adding the 'required' modifier or declaring the property as nullable. [E:\vs\Projects\PlatformIndependentNuGetPackages\SunamoHttp\SunamoHttp\SunamoHttp.csproj::TargetFramework=net10.0]
E:\vs\Projects\PlatformIndependentNuGetPackages\SunamoHttp\SunamoHttp\Data\HttpRequestData.cs(11,42): warning CS8625: Cannot convert null literal to non-nullable reference type. [E:\vs\Projects\PlatformIndependentNuGetPackages\SunamoHttp\SunamoHttp\SunamoHttp.csproj::TargetFramework=net10.0]
E:\vs\Projects\PlatformIndependentNuGetPackages\SunamoHttp\SunamoHttp\Data\HttpRequestData.cs(17,48): warning CS8625: Cannot convert null literal to non-nullable reference type. [E:\vs\Projects\PlatformIndependentNuGetPackages\SunamoHttp\SunamoHttp\SunamoHttp.csproj::TargetFramework=net10.0]
E:\vs\Projects\PlatformIndependentNuGetPackages\SunamoHttp\SunamoHttp\Data\HttpRequestData.cs(22,47): warning CS8625: Cannot convert null literal to non-nullable reference type. [E:\vs\Projects\PlatformIndependentNuGetPackages\SunamoHttp\SunamoHttp\SunamoHttp.csproj::TargetFramework=net10.0]
E:\vs\Projects\PlatformIndependentNuGetPackages\SunamoHttp\SunamoHttp\Data\HttpRequestData.cs(32,52): warning CS8625: Cannot convert null literal to non-nullable reference type. [E:\vs\Projects\PlatformIndependentNuGetPackages\SunamoHttp\SunamoHttp\SunamoHttp.csproj::TargetFramework=net10.0]
E:\vs\Projects\PlatformIndependentNuGetPackages\SunamoHttp\SunamoHttp\Data\HttpRequestData.cs(27,21): warning CS8618: Non-nullable property 'EncodingPostData' must contain a non-null value when exiting constructor. Consider adding the 'required' modifier or declaring the property as nullable. [E:\vs\Projects\PlatformIndependentNuGetPackages\SunamoHttp\SunamoHttp\SunamoHttp.csproj::TargetFramework=net10.0]
E:\vs\Projects\PlatformIndependentNuGetPackages\SunamoHttp\SunamoHttp\WebClientHelper.cs(32,42): warning SYSLIB0014: 'WebClient.WebClient()' is obsolete: 'WebRequest, HttpWebRequest, ServicePoint, and WebClient are obsolete. Use HttpClient instead.' (https://aka.ms/dotnet-warnings/SYSLIB0014) [E:\vs\Projects\PlatformIndependentNuGetPackages\SunamoHttp\SunamoHttp\SunamoHttp.csproj::TargetFramework=net10.0]
E:\vs\Projects\PlatformIndependentNuGetPackages\SunamoHttp\SunamoHttp\SunamoWebClient.cs(16,5): warning SYSLIB0014: 'WebClient.WebClient()' is obsolete: 'WebRequest, HttpWebRequest, ServicePoint, and WebClient are obsolete. Use HttpClient instead.' (https://aka.ms/dotnet-warnings/SYSLIB0014) [E:\vs\Projects\PlatformIndependentNuGetPackages\SunamoHttp\SunamoHttp\SunamoHttp.csproj::TargetFramework=net10.0]
E:\vs\Projects\PlatformIndependentNuGetPackages\SunamoHttp\SunamoHttp\SunamoWebClient.cs(11,60): warning CS8625: Cannot convert null literal to non-nullable reference type. [E:\vs\Projects\PlatformIndependentNuGetPackages\SunamoHttp\SunamoHttp\SunamoHttp.csproj::TargetFramework=net10.0]
E:\vs\Projects\PlatformIndependentNuGetPackages\SunamoHttp\SunamoHttp\_sunamo\FS.cs(28,20): warning CS8600: Converting null literal or possible null value to non-nullable type. [E:\vs\Projects\PlatformIndependentNuGetPackages\SunamoHttp\SunamoHttp\SunamoHttp.csproj::TargetFramework=net10.0]
E:\vs\Projects\PlatformIndependentNuGetPackages\SunamoHttp\SunamoHttp\_sunamo\FS.cs(37,33): warning CS8604: Possible null reference argument for parameter 'item' in 'void List<string>.Add(string item)'. [E:\vs\Projects\PlatformIndependentNuGetPackages\SunamoHttp\SunamoHttp\SunamoHttp.csproj::TargetFramework=net10.0]
E:\vs\Projects\PlatformIndependentNuGetPackages\SunamoHttp\SunamoHttp\_sunamo\FS.cs(77,29): warning CS8600: Converting null literal or possible null value to non-nullable type. [E:\vs\Projects\PlatformIndependentNuGetPackages\SunamoHttp\SunamoHttp\SunamoHttp.csproj::TargetFramework=net10.0]
E:\vs\Projects\PlatformIndependentNuGetPackages\SunamoHttp\SunamoHttp\HttpClientHelper.cs(126,40): warning CS8600: Converting null literal or possible null value to non-nullable type. [E:\vs\Projects\PlatformIndependentNuGetPackages\SunamoHttp\SunamoHttp\SunamoHttp.csproj::TargetFramework=net10.0]
E:\vs\Projects\PlatformIndependentNuGetPackages\SunamoHttp\SunamoHttp\HttpClientHelper.cs(146,16): warning CS8603: Possible null reference return. [E:\vs\Projects\PlatformIndependentNuGetPackages\SunamoHttp\SunamoHttp\SunamoHttp.csproj::TargetFramework=net10.0]
E:\vs\Projects\PlatformIndependentNuGetPackages\SunamoHttp\SunamoHttp\_sunamo\SharedAlgorithms.cs(45,46): warning CS8603: Possible null reference return. [E:\vs\Projects\PlatformIndependentNuGetPackages\SunamoHttp\SunamoHttp\SunamoHttp.csproj::TargetFramework=net10.0]
E:\vs\Projects\PlatformIndependentNuGetPackages\SunamoHttp\SunamoHttp\_sunamo\SharedAlgorithms.cs(53,16): warning CS8603: Possible null reference return. [E:\vs\Projects\PlatformIndependentNuGetPackages\SunamoHttp\SunamoHttp\SunamoHttp.csproj::TargetFramework=net10.0]
E:\vs\Projects\PlatformIndependentNuGetPackages\SunamoHttp\SunamoHttp\HttpRequestGetResponses.cs(35,39): warning SYSLIB0014: 'WebRequest.Create(string)' is obsolete: 'WebRequest, HttpWebRequest, ServicePoint, and WebClient are obsolete. Use HttpClient instead.' (https://aka.ms/dotnet-warnings/SYSLIB0014) [E:\vs\Projects\PlatformIndependentNuGetPackages\SunamoHttp\SunamoHttp\SunamoHttp.csproj::TargetFramework=net10.0]
E:\vs\Projects\PlatformIndependentNuGetPackages\SunamoHttp\SunamoHttp\HttpRequestGetResponses.cs(39,35): warning CS8600: Converting null literal or possible null value to non-nullable type. [E:\vs\Projects\PlatformIndependentNuGetPackages\SunamoHttp\SunamoHttp\SunamoHttp.csproj::TargetFramework=net10.0]
E:\vs\Projects\PlatformIndependentNuGetPackages\SunamoHttp\SunamoHttp\HttpRequestGetResponses.cs(51,37): warning CS8600: Converting null literal or possible null value to non-nullable type. [E:\vs\Projects\PlatformIndependentNuGetPackages\SunamoHttp\SunamoHttp\SunamoHttp.csproj::TargetFramework=net10.0]
E:\vs\Projects\PlatformIndependentNuGetPackages\SunamoHttp\SunamoHttp\HttpRequestGetResponses.cs(58,53): warning CS8604: Possible null reference argument for parameter 'name' in 'Encoding Encoding.GetEncoding(string name)'. [E:\vs\Projects\PlatformIndependentNuGetPackages\SunamoHttp\SunamoHttp\SunamoHttp.csproj::TargetFramework=net10.0]
E:\vs\Projects\PlatformIndependentNuGetPackages\SunamoHttp\SunamoHttp\NetHelperSunamo.cs(16,9): warning SYSLIB0014: 'ServicePointManager' is obsolete: 'WebRequest, HttpWebRequest, ServicePoint, and WebClient are obsolete. Use HttpClient instead. Settings on ServicePointManager no longer affect SslStream or HttpClient.' (https://aka.ms/dotnet-warnings/SYSLIB0014) [E:\vs\Projects\PlatformIndependentNuGetPackages\SunamoHttp\SunamoHttp\SunamoHttp.csproj::TargetFramework=net10.0]
E:\vs\Projects\PlatformIndependentNuGetPackages\SunamoHttp\SunamoHttp\NetHelperSunamo.cs(26,9): warning SYSLIB0014: 'ServicePointManager' is obsolete: 'WebRequest, HttpWebRequest, ServicePoint, and WebClient are obsolete. Use HttpClient instead. Settings on ServicePointManager no longer affect SslStream or HttpClient.' (https://aka.ms/dotnet-warnings/SYSLIB0014) [E:\vs\Projects\PlatformIndependentNuGetPackages\SunamoHttp\SunamoHttp\SunamoHttp.csproj::TargetFramework=net10.0]
E:\vs\Projects\PlatformIndependentNuGetPackages\SunamoHttp\SunamoHttp\NetHelperSunamo.cs(17,13): warning CS8622: Nullability of reference types in type of parameter 'certificate' of 'anonymous method' doesn't match the target delegate 'RemoteCertificateValidationCallback' (possibly because of nullability attributes). [E:\vs\Projects\PlatformIndependentNuGetPackages\SunamoHttp\SunamoHttp\SunamoHttp.csproj::TargetFramework=net10.0]
E:\vs\Projects\PlatformIndependentNuGetPackages\SunamoHttp\SunamoHttp\NetHelperSunamo.cs(17,13): warning CS8622: Nullability of reference types in type of parameter 'chain' of 'anonymous method' doesn't match the target delegate 'RemoteCertificateValidationCallback' (possibly because of nullability attributes). [E:\vs\Projects\PlatformIndependentNuGetPackages\SunamoHttp\SunamoHttp\SunamoHttp.csproj::TargetFramework=net10.0]
E:\vs\Projects\PlatformIndependentNuGetPackages\SunamoHttp\SunamoHttp\HttpRequestGetResponses.cs(94,39): warning SYSLIB0014: 'WebRequest.CreateHttp(string)' is obsolete: 'WebRequest, HttpWebRequest, ServicePoint, and WebClient are obsolete. Use HttpClient instead.' (https://aka.ms/dotnet-warnings/SYSLIB0014) [E:\vs\Projects\PlatformIndependentNuGetPackages\SunamoHttp\SunamoHttp\SunamoHttp.csproj::TargetFramework=net10.0]
E:\vs\Projects\PlatformIndependentNuGetPackages\SunamoHttp\SunamoHttp\HttpRequestGetResponses.cs(101,33): warning CS8600: Converting null literal or possible null value to non-nullable type. [E:\vs\Projects\PlatformIndependentNuGetPackages\SunamoHttp\SunamoHttp\SunamoHttp.csproj::TargetFramework=net10.0]
E:\vs\Projects\PlatformIndependentNuGetPackages\SunamoHttp\SunamoHttp\HttpRequestGetResponses.cs(104,49): warning CS8604: Possible null reference argument for parameter 'name' in 'Encoding Encoding.GetEncoding(string name)'. [E:\vs\Projects\PlatformIndependentNuGetPackages\SunamoHttp\SunamoHttp\SunamoHttp.csproj::TargetFramework=net10.0]
E:\vs\Projects\PlatformIndependentNuGetPackages\SunamoHttp\SunamoHttp\HttpRequestGetResponses.cs(108,39): warning CS8600: Converting null literal or possible null value to non-nullable type. [E:\vs\Projects\PlatformIndependentNuGetPackages\SunamoHttp\SunamoHttp\SunamoHttp.csproj::TargetFramework=net10.0]
E:\vs\Projects\PlatformIndependentNuGetPackages\SunamoHttp\SunamoHttp\HttpRequestGetResponses.cs(153,39): warning SYSLIB0014: 'WebRequest.Create(string)' is obsolete: 'WebRequest, HttpWebRequest, ServicePoint, and WebClient are obsolete. Use HttpClient instead.' (https://aka.ms/dotnet-warnings/SYSLIB0014) [E:\vs\Projects\PlatformIndependentNuGetPackages\SunamoHttp\SunamoHttp\SunamoHttp.csproj::TargetFramework=net10.0]
E:\vs\Projects\PlatformIndependentNuGetPackages\SunamoHttp\SunamoHttp\HttpRequestGetResponses.cs(156,36): warning CS8600: Converting null literal or possible null value to non-nullable type. [E:\vs\Projects\PlatformIndependentNuGetPackages\SunamoHttp\SunamoHttp\SunamoHttp.csproj::TargetFramework=net10.0]
E:\vs\Projects\PlatformIndependentNuGetPackages\SunamoHttp\SunamoHttp\HttpRequestGetResponses.cs(163,20): warning CS8603: Possible null reference return. [E:\vs\Projects\PlatformIndependentNuGetPackages\SunamoHttp\SunamoHttp\SunamoHttp.csproj::TargetFramework=net10.0]
E:\vs\Projects\PlatformIndependentNuGetPackages\SunamoHttp\SunamoHttp\HttpRequestGetResponses.cs(180,50): warning SYSLIB0014: 'WebRequest.Create(string)' is obsolete: 'WebRequest, HttpWebRequest, ServicePoint, and WebClient are obsolete. Use HttpClient instead.' (https://aka.ms/dotnet-warnings/SYSLIB0014) [E:\vs\Projects\PlatformIndependentNuGetPackages\SunamoHttp\SunamoHttp\SunamoHttp.csproj::TargetFramework=net10.0]
E:\vs\Projects\PlatformIndependentNuGetPackages\SunamoHttp\SunamoHttp\HttpClientHelper.cs(21,75): warning CS8625: Cannot convert null literal to non-nullable reference type. [E:\vs\Projects\PlatformIndependentNuGetPackages\SunamoHttp\SunamoHttp\SunamoHttp.csproj::TargetFramework=net10.0]
E:\vs\Projects\PlatformIndependentNuGetPackages\SunamoHttp\SunamoHttp\HttpRequestGetResponses.cs(202,20): warning CS8625: Cannot convert null literal to non-nullable reference type. [E:\vs\Projects\PlatformIndependentNuGetPackages\SunamoHttp\SunamoHttp\SunamoHttp.csproj::TargetFramework=net10.0]
E:\vs\Projects\PlatformIndependentNuGetPackages\SunamoHttp\SunamoHttp\HttpRequestGetResponses.cs(217,25): warning CS8600: Converting null literal or possible null value to non-nullable type. [E:\vs\Projects\PlatformIndependentNuGetPackages\SunamoHttp\SunamoHttp\SunamoHttp.csproj::TargetFramework=net10.0]
E:\vs\Projects\PlatformIndependentNuGetPackages\SunamoHttp\SunamoHttp\HttpRequestGetResponses.cs(223,32): warning CS8600: Converting null literal or possible null value to non-nullable type. [E:\vs\Projects\PlatformIndependentNuGetPackages\SunamoHttp\SunamoHttp\SunamoHttp.csproj::TargetFramework=net10.0]
E:\vs\Projects\PlatformIndependentNuGetPackages\SunamoHttp\SunamoHttp\HttpRequestGetResponses.cs(256,33): warning CS8600: Converting null literal or possible null value to non-nullable type. [E:\vs\Projects\PlatformIndependentNuGetPackages\SunamoHttp\SunamoHttp\SunamoHttp.csproj::TargetFramework=net10.0]
E:\vs\Projects\PlatformIndependentNuGetPackages\SunamoHttp\SunamoHttp\HttpRequestGetResponses.cs(259,49): warning CS8604: Possible null reference argument for parameter 'name' in 'Encoding Encoding.GetEncoding(string name)'. [E:\vs\Projects\PlatformIndependentNuGetPackages\SunamoHttp\SunamoHttp\SunamoHttp.csproj::TargetFramework=net10.0]
E:\vs\Projects\PlatformIndependentNuGetPackages\SunamoHttp\SunamoHttp\HttpRequestGetResponses.cs(263,39): warning CS8600: Converting null literal or possible null value to non-nullable type. [E:\vs\Projects\PlatformIndependentNuGetPackages\SunamoHttp\SunamoHttp\SunamoHttp.csproj::TargetFramework=net10.0]
E:\vs\Projects\PlatformIndependentNuGetPackages\SunamoHttp\SunamoHttp\HttpRequestHelper.cs(24,23): warning CS8600: Converting null literal or possible null value to non-nullable type. [E:\vs\Projects\PlatformIndependentNuGetPackages\SunamoHttp\SunamoHttp\SunamoHttp.csproj::TargetFramework=net10.0]
E:\vs\Projects\PlatformIndependentNuGetPackages\SunamoHttp\SunamoHttp\HttpRequestHelper.cs(27,47): warning CS8625: Cannot convert null literal to non-nullable reference type. [E:\vs\Projects\PlatformIndependentNuGetPackages\SunamoHttp\SunamoHttp\SunamoHttp.csproj::TargetFramework=net10.0]
E:\vs\Projects\PlatformIndependentNuGetPackages\SunamoHttp\SunamoHttp\HttpRequestHelper.cs(63,38): warning SYSLIB0014: 'WebRequest.Create(string)' is obsolete: 'WebRequest, HttpWebRequest, ServicePoint, and WebClient are obsolete. Use HttpClient instead.' (https://aka.ms/dotnet-warnings/SYSLIB0014) [E:\vs\Projects\PlatformIndependentNuGetPackages\SunamoHttp\SunamoHttp\SunamoHttp.csproj::TargetFramework=net10.0]
E:\vs\Projects\PlatformIndependentNuGetPackages\SunamoHttp\SunamoHttp\HttpRequestHelper.cs(63,38): warning CS8600: Converting null literal or possible null value to non-nullable type. [E:\vs\Projects\PlatformIndependentNuGetPackages\SunamoHttp\SunamoHttp\SunamoHttp.csproj::TargetFramework=net10.0]
E:\vs\Projects\PlatformIndependentNuGetPackages\SunamoHttp\SunamoHttp\HttpRequestHelper.cs(64,13): warning CS8602: Dereference of a possibly null reference. [E:\vs\Projects\PlatformIndependentNuGetPackages\SunamoHttp\SunamoHttp\SunamoHttp.csproj::TargetFramework=net10.0]
E:\vs\Projects\PlatformIndependentNuGetPackages\SunamoHttp\SunamoHttp\HttpRequestHelper.cs(65,40): warning CS8600: Converting null literal or possible null value to non-nullable type. [E:\vs\Projects\PlatformIndependentNuGetPackages\SunamoHttp\SunamoHttp\SunamoHttp.csproj::TargetFramework=net10.0]
E:\vs\Projects\PlatformIndependentNuGetPackages\SunamoHttp\SunamoHttp\HttpRequestHelper.cs(66,13): warning CS8602: Dereference of a possibly null reference. [E:\vs\Projects\PlatformIndependentNuGetPackages\SunamoHttp\SunamoHttp\SunamoHttp.csproj::TargetFramework=net10.0]
E:\vs\Projects\PlatformIndependentNuGetPackages\SunamoHttp\SunamoHttp\HttpRequestHelper.cs(85,50): warning CS8604: Possible null reference argument for parameter 'address' in 'string HttpRequestHelper.GetResponseText(ILogger logger, GetResponseArgs args, string address, HttpMethod method, HttpRequestData httpRequestData, out HttpWebResponse response)'. [E:\vs\Projects\PlatformIndependentNuGetPackages\SunamoHttp\SunamoHttp\SunamoHttp.csproj::TargetFramework=net10.0]
E:\vs\Projects\PlatformIndependentNuGetPackages\SunamoHttp\SunamoHttp\HttpRequestHelper.cs(85,82): warning CS8625: Cannot convert null literal to non-nullable reference type. [E:\vs\Projects\PlatformIndependentNuGetPackages\SunamoHttp\SunamoHttp\SunamoHttp.csproj::TargetFramework=net10.0]
E:\vs\Projects\PlatformIndependentNuGetPackages\SunamoHttp\SunamoHttp\HttpRequestHelper.cs(99,50): warning CS8604: Possible null reference argument for parameter 'address' in 'string HttpRequestHelper.GetResponseText(ILogger logger, GetResponseArgs args, string address, HttpMethod method, HttpRequestData httpRequestData, out HttpWebResponse response)'. [E:\vs\Projects\PlatformIndependentNuGetPackages\SunamoHttp\SunamoHttp\SunamoHttp.csproj::TargetFramework=net10.0]
E:\vs\Projects\PlatformIndependentNuGetPackages\SunamoHttp\SunamoHttp\HttpRequestHelper.cs(99,82): warning CS8625: Cannot convert null literal to non-nullable reference type. [E:\vs\Projects\PlatformIndependentNuGetPackages\SunamoHttp\SunamoHttp\SunamoHttp.csproj::TargetFramework=net10.0]
E:\vs\Projects\PlatformIndependentNuGetPackages\SunamoHttp\SunamoHttp\HttpRequestHelper.cs(188,64): warning CS8625: Cannot convert null literal to non-nullable reference type. [E:\vs\Projects\PlatformIndependentNuGetPackages\SunamoHttp\SunamoHttp\SunamoHttp.csproj::TargetFramework=net10.0]
  SunamoHttp -> E:\vs\Projects\PlatformIndependentNuGetPackages\SunamoHttp\SunamoHttp\bin\Debug\net10.0\SunamoHttp.dll

Build succeeded.

E:\vs\Projects\PlatformIndependentNuGetPackages\SunamoHttp\SunamoHttp\HttpClientHelper.cs(42,86): warning CS8625: Cannot convert null literal to non-nullable reference type. [E:\vs\Projects\PlatformIndependentNuGetPackages\SunamoHttp\SunamoHttp\SunamoHttp.csproj::TargetFramework=net9.0]
E:\vs\Projects\PlatformIndependentNuGetPackages\SunamoHttp\SunamoHttp\HttpClientHelper.cs(116,90): warning CS8625: Cannot convert null literal to non-nullable reference type. [E:\vs\Projects\PlatformIndependentNuGetPackages\SunamoHttp\SunamoHttp\SunamoHttp.csproj::TargetFramework=net9.0]
E:\vs\Projects\PlatformIndependentNuGetPackages\SunamoHttp\SunamoHttp\HttpRequestHelper.cs(18,126): warning CS8625: Cannot convert null literal to non-nullable reference type. [E:\vs\Projects\PlatformIndependentNuGetPackages\SunamoHttp\SunamoHttp\SunamoHttp.csproj::TargetFramework=net9.0]
E:\vs\Projects\PlatformIndependentNuGetPackages\SunamoHttp\SunamoHttp\HttpRequestHelper.cs(42,132): warning CS8625: Cannot convert null literal to non-nullable reference type. [E:\vs\Projects\PlatformIndependentNuGetPackages\SunamoHttp\SunamoHttp\SunamoHttp.csproj::TargetFramework=net9.0]
E:\vs\Projects\PlatformIndependentNuGetPackages\SunamoHttp\SunamoHttp\HttpRequestHelper.cs(113,219): warning CS8625: Cannot convert null literal to non-nullable reference type. [E:\vs\Projects\PlatformIndependentNuGetPackages\SunamoHttp\SunamoHttp\SunamoHttp.csproj::TargetFramework=net9.0]
E:\vs\Projects\PlatformIndependentNuGetPackages\SunamoHttp\SunamoHttp\HttpRequestHelper.cs(141,187): warning CS8625: Cannot convert null literal to non-nullable reference type. [E:\vs\Projects\PlatformIndependentNuGetPackages\SunamoHttp\SunamoHttp\SunamoHttp.csproj::TargetFramework=net9.0]
E:\vs\Projects\PlatformIndependentNuGetPackages\SunamoHttp\SunamoHttp\HttpRequestHelper.cs(204,204): warning CS8625: Cannot convert null literal to non-nullable reference type. [E:\vs\Projects\PlatformIndependentNuGetPackages\SunamoHttp\SunamoHttp\SunamoHttp.csproj::TargetFramework=net9.0]
E:\vs\Projects\PlatformIndependentNuGetPackages\SunamoHttp\SunamoHttp\Args\GetResponseArgs.cs(11,28): warning CS8618: Non-nullable property 'Cookies' must contain a non-null value when exiting constructor. Consider adding the 'required' modifier or declaring the property as nullable. [E:\vs\Projects\PlatformIndependentNuGetPackages\SunamoHttp\SunamoHttp\SunamoHttp.csproj::TargetFramework=net9.0]
E:\vs\Projects\PlatformIndependentNuGetPackages\SunamoHttp\SunamoHttp\Data\UploadFile.cs(11,12): warning CS8618: Non-nullable property 'Name' must contain a non-null value when exiting constructor. Consider adding the 'required' modifier or declaring the property as nullable. [E:\vs\Projects\PlatformIndependentNuGetPackages\SunamoHttp\SunamoHttp\SunamoHttp.csproj::TargetFramework=net9.0]
E:\vs\Projects\PlatformIndependentNuGetPackages\SunamoHttp\SunamoHttp\Data\UploadFile.cs(11,12): warning CS8618: Non-nullable property 'Filename' must contain a non-null value when exiting constructor. Consider adding the 'required' modifier or declaring the property as nullable. [E:\vs\Projects\PlatformIndependentNuGetPackages\SunamoHttp\SunamoHttp\SunamoHttp.csproj::TargetFramework=net9.0]
E:\vs\Projects\PlatformIndependentNuGetPackages\SunamoHttp\SunamoHttp\Data\UploadFile.cs(11,12): warning CS8618: Non-nullable property 'Stream' must contain a non-null value when exiting constructor. Consider adding the 'required' modifier or declaring the property as nullable. [E:\vs\Projects\PlatformIndependentNuGetPackages\SunamoHttp\SunamoHttp\SunamoHttp.csproj::TargetFramework=net9.0]
E:\vs\Projects\PlatformIndependentNuGetPackages\SunamoHttp\SunamoHttp\WebClientHelper.cs(32,42): warning SYSLIB0014: 'WebClient.WebClient()' is obsolete: 'WebRequest, HttpWebRequest, ServicePoint, and WebClient are obsolete. Use HttpClient instead.' (https://aka.ms/dotnet-warnings/SYSLIB0014) [E:\vs\Projects\PlatformIndependentNuGetPackages\SunamoHttp\SunamoHttp\SunamoHttp.csproj::TargetFramework=net9.0]
E:\vs\Projects\PlatformIndependentNuGetPackages\SunamoHttp\SunamoHttp\SunamoWebClient.cs(16,5): warning SYSLIB0014: 'WebClient.WebClient()' is obsolete: 'WebRequest, HttpWebRequest, ServicePoint, and WebClient are obsolete. Use HttpClient instead.' (https://aka.ms/dotnet-warnings/SYSLIB0014) [E:\vs\Projects\PlatformIndependentNuGetPackages\SunamoHttp\SunamoHttp\SunamoHttp.csproj::TargetFramework=net9.0]
E:\vs\Projects\PlatformIndependentNuGetPackages\SunamoHttp\SunamoHttp\SunamoWebClient.cs(11,60): warning CS8625: Cannot convert null literal to non-nullable reference type. [E:\vs\Projects\PlatformIndependentNuGetPackages\SunamoHttp\SunamoHttp\SunamoHttp.csproj::TargetFramework=net9.0]
E:\vs\Projects\PlatformIndependentNuGetPackages\SunamoHttp\SunamoHttp\Data\HttpRequestData.cs(11,42): warning CS8625: Cannot convert null literal to non-nullable reference type. [E:\vs\Projects\PlatformIndependentNuGetPackages\SunamoHttp\SunamoHttp\SunamoHttp.csproj::TargetFramework=net9.0]
E:\vs\Projects\PlatformIndependentNuGetPackages\SunamoHttp\SunamoHttp\Data\HttpRequestData.cs(17,48): warning CS8625: Cannot convert null literal to non-nullable reference type. [E:\vs\Projects\PlatformIndependentNuGetPackages\SunamoHttp\SunamoHttp\SunamoHttp.csproj::TargetFramework=net9.0]
E:\vs\Projects\PlatformIndependentNuGetPackages\SunamoHttp\SunamoHttp\Data\HttpRequestData.cs(22,47): warning CS8625: Cannot convert null literal to non-nullable reference type. [E:\vs\Projects\PlatformIndependentNuGetPackages\SunamoHttp\SunamoHttp\SunamoHttp.csproj::TargetFramework=net9.0]
E:\vs\Projects\PlatformIndependentNuGetPackages\SunamoHttp\SunamoHttp\Data\HttpRequestData.cs(32,52): warning CS8625: Cannot convert null literal to non-nullable reference type. [E:\vs\Projects\PlatformIndependentNuGetPackages\SunamoHttp\SunamoHttp\SunamoHttp.csproj::TargetFramework=net9.0]
E:\vs\Projects\PlatformIndependentNuGetPackages\SunamoHttp\SunamoHttp\Data\HttpRequestData.cs(27,21): warning CS8618: Non-nullable property 'EncodingPostData' must contain a non-null value when exiting constructor. Consider adding the 'required' modifier or declaring the property as nullable. [E:\vs\Projects\PlatformIndependentNuGetPackages\SunamoHttp\SunamoHttp\SunamoHttp.csproj::TargetFramework=net9.0]
E:\vs\Projects\PlatformIndependentNuGetPackages\SunamoHttp\SunamoHttp\_sunamo\FS.cs(28,20): warning CS8600: Converting null literal or possible null value to non-nullable type. [E:\vs\Projects\PlatformIndependentNuGetPackages\SunamoHttp\SunamoHttp\SunamoHttp.csproj::TargetFramework=net9.0]
E:\vs\Projects\PlatformIndependentNuGetPackages\SunamoHttp\SunamoHttp\_sunamo\FS.cs(37,33): warning CS8604: Possible null reference argument for parameter 'item' in 'void List<string>.Add(string item)'. [E:\vs\Projects\PlatformIndependentNuGetPackages\SunamoHttp\SunamoHttp\SunamoHttp.csproj::TargetFramework=net9.0]
E:\vs\Projects\PlatformIndependentNuGetPackages\SunamoHttp\SunamoHttp\_sunamo\FS.cs(77,29): warning CS8600: Converting null literal or possible null value to non-nullable type. [E:\vs\Projects\PlatformIndependentNuGetPackages\SunamoHttp\SunamoHttp\SunamoHttp.csproj::TargetFramework=net9.0]
E:\vs\Projects\PlatformIndependentNuGetPackages\SunamoHttp\SunamoHttp\NetHelperSunamo.cs(16,9): warning SYSLIB0014: 'ServicePointManager' is obsolete: 'WebRequest, HttpWebRequest, ServicePoint, and WebClient are obsolete. Use HttpClient instead. Settings on ServicePointManager no longer affect SslStream or HttpClient.' (https://aka.ms/dotnet-warnings/SYSLIB0014) [E:\vs\Projects\PlatformIndependentNuGetPackages\SunamoHttp\SunamoHttp\SunamoHttp.csproj::TargetFramework=net9.0]
E:\vs\Projects\PlatformIndependentNuGetPackages\SunamoHttp\SunamoHttp\NetHelperSunamo.cs(26,9): warning SYSLIB0014: 'ServicePointManager' is obsolete: 'WebRequest, HttpWebRequest, ServicePoint, and WebClient are obsolete. Use HttpClient instead. Settings on ServicePointManager no longer affect SslStream or HttpClient.' (https://aka.ms/dotnet-warnings/SYSLIB0014) [E:\vs\Projects\PlatformIndependentNuGetPackages\SunamoHttp\SunamoHttp\SunamoHttp.csproj::TargetFramework=net9.0]
E:\vs\Projects\PlatformIndependentNuGetPackages\SunamoHttp\SunamoHttp\NetHelperSunamo.cs(17,13): warning CS8622: Nullability of reference types in type of parameter 'certificate' of 'anonymous method' doesn't match the target delegate 'RemoteCertificateValidationCallback' (possibly because of nullability attributes). [E:\vs\Projects\PlatformIndependentNuGetPackages\SunamoHttp\SunamoHttp\SunamoHttp.csproj::TargetFramework=net9.0]
E:\vs\Projects\PlatformIndependentNuGetPackages\SunamoHttp\SunamoHttp\NetHelperSunamo.cs(17,13): warning CS8622: Nullability of reference types in type of parameter 'chain' of 'anonymous method' doesn't match the target delegate 'RemoteCertificateValidationCallback' (possibly because of nullability attributes). [E:\vs\Projects\PlatformIndependentNuGetPackages\SunamoHttp\SunamoHttp\SunamoHttp.csproj::TargetFramework=net9.0]
E:\vs\Projects\PlatformIndependentNuGetPackages\SunamoHttp\SunamoHttp\HttpClientHelper.cs(126,40): warning CS8600: Converting null literal or possible null value to non-nullable type. [E:\vs\Projects\PlatformIndependentNuGetPackages\SunamoHttp\SunamoHttp\SunamoHttp.csproj::TargetFramework=net9.0]
E:\vs\Projects\PlatformIndependentNuGetPackages\SunamoHttp\SunamoHttp\HttpClientHelper.cs(146,16): warning CS8603: Possible null reference return. [E:\vs\Projects\PlatformIndependentNuGetPackages\SunamoHttp\SunamoHttp\SunamoHttp.csproj::TargetFramework=net9.0]
E:\vs\Projects\PlatformIndependentNuGetPackages\SunamoHttp\SunamoHttp\_sunamo\SharedAlgorithms.cs(45,46): warning CS8603: Possible null reference return. [E:\vs\Projects\PlatformIndependentNuGetPackages\SunamoHttp\SunamoHttp\SunamoHttp.csproj::TargetFramework=net9.0]
E:\vs\Projects\PlatformIndependentNuGetPackages\SunamoHttp\SunamoHttp\_sunamo\SharedAlgorithms.cs(53,16): warning CS8603: Possible null reference return. [E:\vs\Projects\PlatformIndependentNuGetPackages\SunamoHttp\SunamoHttp\SunamoHttp.csproj::TargetFramework=net9.0]
E:\vs\Projects\PlatformIndependentNuGetPackages\SunamoHttp\SunamoHttp\HttpRequestGetResponses.cs(35,39): warning SYSLIB0014: 'WebRequest.Create(string)' is obsolete: 'WebRequest, HttpWebRequest, ServicePoint, and WebClient are obsolete. Use HttpClient instead.' (https://aka.ms/dotnet-warnings/SYSLIB0014) [E:\vs\Projects\PlatformIndependentNuGetPackages\SunamoHttp\SunamoHttp\SunamoHttp.csproj::TargetFramework=net9.0]
E:\vs\Projects\PlatformIndependentNuGetPackages\SunamoHttp\SunamoHttp\HttpRequestGetResponses.cs(39,35): warning CS8600: Converting null literal or possible null value to non-nullable type. [E:\vs\Projects\PlatformIndependentNuGetPackages\SunamoHttp\SunamoHttp\SunamoHttp.csproj::TargetFramework=net9.0]
E:\vs\Projects\PlatformIndependentNuGetPackages\SunamoHttp\SunamoHttp\HttpRequestGetResponses.cs(51,37): warning CS8600: Converting null literal or possible null value to non-nullable type. [E:\vs\Projects\PlatformIndependentNuGetPackages\SunamoHttp\SunamoHttp\SunamoHttp.csproj::TargetFramework=net9.0]
E:\vs\Projects\PlatformIndependentNuGetPackages\SunamoHttp\SunamoHttp\HttpRequestGetResponses.cs(58,53): warning CS8604: Possible null reference argument for parameter 'name' in 'Encoding Encoding.GetEncoding(string name)'. [E:\vs\Projects\PlatformIndependentNuGetPackages\SunamoHttp\SunamoHttp\SunamoHttp.csproj::TargetFramework=net9.0]
E:\vs\Projects\PlatformIndependentNuGetPackages\SunamoHttp\SunamoHttp\HttpRequestGetResponses.cs(94,39): warning SYSLIB0014: 'WebRequest.CreateHttp(string)' is obsolete: 'WebRequest, HttpWebRequest, ServicePoint, and WebClient are obsolete. Use HttpClient instead.' (https://aka.ms/dotnet-warnings/SYSLIB0014) [E:\vs\Projects\PlatformIndependentNuGetPackages\SunamoHttp\SunamoHttp\SunamoHttp.csproj::TargetFramework=net9.0]
E:\vs\Projects\PlatformIndependentNuGetPackages\SunamoHttp\SunamoHttp\HttpRequestGetResponses.cs(101,33): warning CS8600: Converting null literal or possible null value to non-nullable type. [E:\vs\Projects\PlatformIndependentNuGetPackages\SunamoHttp\SunamoHttp\SunamoHttp.csproj::TargetFramework=net9.0]
E:\vs\Projects\PlatformIndependentNuGetPackages\SunamoHttp\SunamoHttp\HttpRequestGetResponses.cs(104,49): warning CS8604: Possible null reference argument for parameter 'name' in 'Encoding Encoding.GetEncoding(string name)'. [E:\vs\Projects\PlatformIndependentNuGetPackages\SunamoHttp\SunamoHttp\SunamoHttp.csproj::TargetFramework=net9.0]
E:\vs\Projects\PlatformIndependentNuGetPackages\SunamoHttp\SunamoHttp\HttpRequestGetResponses.cs(108,39): warning CS8600: Converting null literal or possible null value to non-nullable type. [E:\vs\Projects\PlatformIndependentNuGetPackages\SunamoHttp\SunamoHttp\SunamoHttp.csproj::TargetFramework=net9.0]
E:\vs\Projects\PlatformIndependentNuGetPackages\SunamoHttp\SunamoHttp\HttpRequestGetResponses.cs(153,39): warning SYSLIB0014: 'WebRequest.Create(string)' is obsolete: 'WebRequest, HttpWebRequest, ServicePoint, and WebClient are obsolete. Use HttpClient instead.' (https://aka.ms/dotnet-warnings/SYSLIB0014) [E:\vs\Projects\PlatformIndependentNuGetPackages\SunamoHttp\SunamoHttp\SunamoHttp.csproj::TargetFramework=net9.0]
E:\vs\Projects\PlatformIndependentNuGetPackages\SunamoHttp\SunamoHttp\HttpRequestGetResponses.cs(156,36): warning CS8600: Converting null literal or possible null value to non-nullable type. [E:\vs\Projects\PlatformIndependentNuGetPackages\SunamoHttp\SunamoHttp\SunamoHttp.csproj::TargetFramework=net9.0]
E:\vs\Projects\PlatformIndependentNuGetPackages\SunamoHttp\SunamoHttp\HttpRequestGetResponses.cs(163,20): warning CS8603: Possible null reference return. [E:\vs\Projects\PlatformIndependentNuGetPackages\SunamoHttp\SunamoHttp\SunamoHttp.csproj::TargetFramework=net9.0]
E:\vs\Projects\PlatformIndependentNuGetPackages\SunamoHttp\SunamoHttp\HttpRequestGetResponses.cs(180,50): warning SYSLIB0014: 'WebRequest.Create(string)' is obsolete: 'WebRequest, HttpWebRequest, ServicePoint, and WebClient are obsolete. Use HttpClient instead.' (https://aka.ms/dotnet-warnings/SYSLIB0014) [E:\vs\Projects\PlatformIndependentNuGetPackages\SunamoHttp\SunamoHttp\SunamoHttp.csproj::TargetFramework=net9.0]
E:\vs\Projects\PlatformIndependentNuGetPackages\SunamoHttp\SunamoHttp\HttpClientHelper.cs(21,75): warning CS8625: Cannot convert null literal to non-nullable reference type. [E:\vs\Projects\PlatformIndependentNuGetPackages\SunamoHttp\SunamoHttp\SunamoHttp.csproj::TargetFramework=net9.0]
E:\vs\Projects\PlatformIndependentNuGetPackages\SunamoHttp\SunamoHttp\HttpRequestGetResponses.cs(202,20): warning CS8625: Cannot convert null literal to non-nullable reference type. [E:\vs\Projects\PlatformIndependentNuGetPackages\SunamoHttp\SunamoHttp\SunamoHttp.csproj::TargetFramework=net9.0]
E:\vs\Projects\PlatformIndependentNuGetPackages\SunamoHttp\SunamoHttp\HttpRequestGetResponses.cs(217,25): warning CS8600: Converting null literal or possible null value to non-nullable type. [E:\vs\Projects\PlatformIndependentNuGetPackages\SunamoHttp\SunamoHttp\SunamoHttp.csproj::TargetFramework=net9.0]
E:\vs\Projects\PlatformIndependentNuGetPackages\SunamoHttp\SunamoHttp\HttpRequestGetResponses.cs(223,32): warning CS8600: Converting null literal or possible null value to non-nullable type. [E:\vs\Projects\PlatformIndependentNuGetPackages\SunamoHttp\SunamoHttp\SunamoHttp.csproj::TargetFramework=net9.0]
E:\vs\Projects\PlatformIndependentNuGetPackages\SunamoHttp\SunamoHttp\HttpRequestGetResponses.cs(256,33): warning CS8600: Converting null literal or possible null value to non-nullable type. [E:\vs\Projects\PlatformIndependentNuGetPackages\SunamoHttp\SunamoHttp\SunamoHttp.csproj::TargetFramework=net9.0]
E:\vs\Projects\PlatformIndependentNuGetPackages\SunamoHttp\SunamoHttp\HttpRequestGetResponses.cs(259,49): warning CS8604: Possible null reference argument for parameter 'name' in 'Encoding Encoding.GetEncoding(string name)'. [E:\vs\Projects\PlatformIndependentNuGetPackages\SunamoHttp\SunamoHttp\SunamoHttp.csproj::TargetFramework=net9.0]
E:\vs\Projects\PlatformIndependentNuGetPackages\SunamoHttp\SunamoHttp\HttpRequestGetResponses.cs(263,39): warning CS8600: Converting null literal or possible null value to non-nullable type. [E:\vs\Projects\PlatformIndependentNuGetPackages\SunamoHttp\SunamoHttp\SunamoHttp.csproj::TargetFramework=net9.0]
E:\vs\Projects\PlatformIndependentNuGetPackages\SunamoHttp\SunamoHttp\HttpRequestHelper.cs(24,23): warning CS8600: Converting null literal or possible null value to non-nullable type. [E:\vs\Projects\PlatformIndependentNuGetPackages\SunamoHttp\SunamoHttp\SunamoHttp.csproj::TargetFramework=net9.0]
E:\vs\Projects\PlatformIndependentNuGetPackages\SunamoHttp\SunamoHttp\HttpRequestHelper.cs(27,47): warning CS8625: Cannot convert null literal to non-nullable reference type. [E:\vs\Projects\PlatformIndependentNuGetPackages\SunamoHttp\SunamoHttp\SunamoHttp.csproj::TargetFramework=net9.0]
E:\vs\Projects\PlatformIndependentNuGetPackages\SunamoHttp\SunamoHttp\HttpRequestHelper.cs(63,38): warning SYSLIB0014: 'WebRequest.Create(string)' is obsolete: 'WebRequest, HttpWebRequest, ServicePoint, and WebClient are obsolete. Use HttpClient instead.' (https://aka.ms/dotnet-warnings/SYSLIB0014) [E:\vs\Projects\PlatformIndependentNuGetPackages\SunamoHttp\SunamoHttp\SunamoHttp.csproj::TargetFramework=net9.0]
E:\vs\Projects\PlatformIndependentNuGetPackages\SunamoHttp\SunamoHttp\HttpRequestHelper.cs(63,38): warning CS8600: Converting null literal or possible null value to non-nullable type. [E:\vs\Projects\PlatformIndependentNuGetPackages\SunamoHttp\SunamoHttp\SunamoHttp.csproj::TargetFramework=net9.0]
E:\vs\Projects\PlatformIndependentNuGetPackages\SunamoHttp\SunamoHttp\HttpRequestHelper.cs(64,13): warning CS8602: Dereference of a possibly null reference. [E:\vs\Projects\PlatformIndependentNuGetPackages\SunamoHttp\SunamoHttp\SunamoHttp.csproj::TargetFramework=net9.0]
E:\vs\Projects\PlatformIndependentNuGetPackages\SunamoHttp\SunamoHttp\HttpRequestHelper.cs(65,40): warning CS8600: Converting null literal or possible null value to non-nullable type. [E:\vs\Projects\PlatformIndependentNuGetPackages\SunamoHttp\SunamoHttp\SunamoHttp.csproj::TargetFramework=net9.0]
E:\vs\Projects\PlatformIndependentNuGetPackages\SunamoHttp\SunamoHttp\HttpRequestHelper.cs(66,13): warning CS8602: Dereference of a possibly null reference. [E:\vs\Projects\PlatformIndependentNuGetPackages\SunamoHttp\SunamoHttp\SunamoHttp.csproj::TargetFramework=net9.0]
E:\vs\Projects\PlatformIndependentNuGetPackages\SunamoHttp\SunamoHttp\HttpRequestHelper.cs(85,50): warning CS8604: Possible null reference argument for parameter 'address' in 'string HttpRequestHelper.GetResponseText(ILogger logger, GetResponseArgs args, string address, HttpMethod method, HttpRequestData httpRequestData, out HttpWebResponse response)'. [E:\vs\Projects\PlatformIndependentNuGetPackages\SunamoHttp\SunamoHttp\SunamoHttp.csproj::TargetFramework=net9.0]
E:\vs\Projects\PlatformIndependentNuGetPackages\SunamoHttp\SunamoHttp\HttpRequestHelper.cs(85,82): warning CS8625: Cannot convert null literal to non-nullable reference type. [E:\vs\Projects\PlatformIndependentNuGetPackages\SunamoHttp\SunamoHttp\SunamoHttp.csproj::TargetFramework=net9.0]
E:\vs\Projects\PlatformIndependentNuGetPackages\SunamoHttp\SunamoHttp\HttpRequestHelper.cs(99,50): warning CS8604: Possible null reference argument for parameter 'address' in 'string HttpRequestHelper.GetResponseText(ILogger logger, GetResponseArgs args, string address, HttpMethod method, HttpRequestData httpRequestData, out HttpWebResponse response)'. [E:\vs\Projects\PlatformIndependentNuGetPackages\SunamoHttp\SunamoHttp\SunamoHttp.csproj::TargetFramework=net9.0]
E:\vs\Projects\PlatformIndependentNuGetPackages\SunamoHttp\SunamoHttp\HttpRequestHelper.cs(99,82): warning CS8625: Cannot convert null literal to non-nullable reference type. [E:\vs\Projects\PlatformIndependentNuGetPackages\SunamoHttp\SunamoHttp\SunamoHttp.csproj::TargetFramework=net9.0]
E:\vs\Projects\PlatformIndependentNuGetPackages\SunamoHttp\SunamoHttp\HttpRequestHelper.cs(188,64): warning CS8625: Cannot convert null literal to non-nullable reference type. [E:\vs\Projects\PlatformIndependentNuGetPackages\SunamoHttp\SunamoHttp\SunamoHttp.csproj::TargetFramework=net9.0]
E:\vs\Projects\PlatformIndependentNuGetPackages\SunamoHttp\SunamoHttp\HttpClientHelper.cs(42,86): warning CS8625: Cannot convert null literal to non-nullable reference type. [E:\vs\Projects\PlatformIndependentNuGetPackages\SunamoHttp\SunamoHttp\SunamoHttp.csproj::TargetFramework=net8.0]
E:\vs\Projects\PlatformIndependentNuGetPackages\SunamoHttp\SunamoHttp\HttpClientHelper.cs(116,90): warning CS8625: Cannot convert null literal to non-nullable reference type. [E:\vs\Projects\PlatformIndependentNuGetPackages\SunamoHttp\SunamoHttp\SunamoHttp.csproj::TargetFramework=net8.0]
E:\vs\Projects\PlatformIndependentNuGetPackages\SunamoHttp\SunamoHttp\HttpRequestHelper.cs(18,126): warning CS8625: Cannot convert null literal to non-nullable reference type. [E:\vs\Projects\PlatformIndependentNuGetPackages\SunamoHttp\SunamoHttp\SunamoHttp.csproj::TargetFramework=net8.0]
E:\vs\Projects\PlatformIndependentNuGetPackages\SunamoHttp\SunamoHttp\HttpRequestHelper.cs(42,132): warning CS8625: Cannot convert null literal to non-nullable reference type. [E:\vs\Projects\PlatformIndependentNuGetPackages\SunamoHttp\SunamoHttp\SunamoHttp.csproj::TargetFramework=net8.0]
E:\vs\Projects\PlatformIndependentNuGetPackages\SunamoHttp\SunamoHttp\HttpRequestHelper.cs(113,219): warning CS8625: Cannot convert null literal to non-nullable reference type. [E:\vs\Projects\PlatformIndependentNuGetPackages\SunamoHttp\SunamoHttp\SunamoHttp.csproj::TargetFramework=net8.0]
E:\vs\Projects\PlatformIndependentNuGetPackages\SunamoHttp\SunamoHttp\HttpRequestHelper.cs(141,187): warning CS8625: Cannot convert null literal to non-nullable reference type. [E:\vs\Projects\PlatformIndependentNuGetPackages\SunamoHttp\SunamoHttp\SunamoHttp.csproj::TargetFramework=net8.0]
E:\vs\Projects\PlatformIndependentNuGetPackages\SunamoHttp\SunamoHttp\HttpRequestHelper.cs(204,204): warning CS8625: Cannot convert null literal to non-nullable reference type. [E:\vs\Projects\PlatformIndependentNuGetPackages\SunamoHttp\SunamoHttp\SunamoHttp.csproj::TargetFramework=net8.0]
E:\vs\Projects\PlatformIndependentNuGetPackages\SunamoHttp\SunamoHttp\Args\GetResponseArgs.cs(11,28): warning CS8618: Non-nullable property 'Cookies' must contain a non-null value when exiting constructor. Consider adding the 'required' modifier or declaring the property as nullable. [E:\vs\Projects\PlatformIndependentNuGetPackages\SunamoHttp\SunamoHttp\SunamoHttp.csproj::TargetFramework=net8.0]
E:\vs\Projects\PlatformIndependentNuGetPackages\SunamoHttp\SunamoHttp\Data\UploadFile.cs(11,12): warning CS8618: Non-nullable property 'Name' must contain a non-null value when exiting constructor. Consider adding the 'required' modifier or declaring the property as nullable. [E:\vs\Projects\PlatformIndependentNuGetPackages\SunamoHttp\SunamoHttp\SunamoHttp.csproj::TargetFramework=net8.0]
E:\vs\Projects\PlatformIndependentNuGetPackages\SunamoHttp\SunamoHttp\Data\UploadFile.cs(11,12): warning CS8618: Non-nullable property 'Filename' must contain a non-null value when exiting constructor. Consider adding the 'required' modifier or declaring the property as nullable. [E:\vs\Projects\PlatformIndependentNuGetPackages\SunamoHttp\SunamoHttp\SunamoHttp.csproj::TargetFramework=net8.0]
E:\vs\Projects\PlatformIndependentNuGetPackages\SunamoHttp\SunamoHttp\Data\UploadFile.cs(11,12): warning CS8618: Non-nullable property 'Stream' must contain a non-null value when exiting constructor. Consider adding the 'required' modifier or declaring the property as nullable. [E:\vs\Projects\PlatformIndependentNuGetPackages\SunamoHttp\SunamoHttp\SunamoHttp.csproj::TargetFramework=net8.0]
E:\vs\Projects\PlatformIndependentNuGetPackages\SunamoHttp\SunamoHttp\Data\HttpRequestData.cs(11,42): warning CS8625: Cannot convert null literal to non-nullable reference type. [E:\vs\Projects\PlatformIndependentNuGetPackages\SunamoHttp\SunamoHttp\SunamoHttp.csproj::TargetFramework=net8.0]
E:\vs\Projects\PlatformIndependentNuGetPackages\SunamoHttp\SunamoHttp\Data\HttpRequestData.cs(17,48): warning CS8625: Cannot convert null literal to non-nullable reference type. [E:\vs\Projects\PlatformIndependentNuGetPackages\SunamoHttp\SunamoHttp\SunamoHttp.csproj::TargetFramework=net8.0]
E:\vs\Projects\PlatformIndependentNuGetPackages\SunamoHttp\SunamoHttp\Data\HttpRequestData.cs(22,47): warning CS8625: Cannot convert null literal to non-nullable reference type. [E:\vs\Projects\PlatformIndependentNuGetPackages\SunamoHttp\SunamoHttp\SunamoHttp.csproj::TargetFramework=net8.0]
E:\vs\Projects\PlatformIndependentNuGetPackages\SunamoHttp\SunamoHttp\Data\HttpRequestData.cs(32,52): warning CS8625: Cannot convert null literal to non-nullable reference type. [E:\vs\Projects\PlatformIndependentNuGetPackages\SunamoHttp\SunamoHttp\SunamoHttp.csproj::TargetFramework=net8.0]
E:\vs\Projects\PlatformIndependentNuGetPackages\SunamoHttp\SunamoHttp\Data\HttpRequestData.cs(27,21): warning CS8618: Non-nullable property 'EncodingPostData' must contain a non-null value when exiting constructor. Consider adding the 'required' modifier or declaring the property as nullable. [E:\vs\Projects\PlatformIndependentNuGetPackages\SunamoHttp\SunamoHttp\SunamoHttp.csproj::TargetFramework=net8.0]
E:\vs\Projects\PlatformIndependentNuGetPackages\SunamoHttp\SunamoHttp\WebClientHelper.cs(32,42): warning SYSLIB0014: 'WebClient.WebClient()' is obsolete: 'WebRequest, HttpWebRequest, ServicePoint, and WebClient are obsolete. Use HttpClient instead.' (https://aka.ms/dotnet-warnings/SYSLIB0014) [E:\vs\Projects\PlatformIndependentNuGetPackages\SunamoHttp\SunamoHttp\SunamoHttp.csproj::TargetFramework=net8.0]
E:\vs\Projects\PlatformIndependentNuGetPackages\SunamoHttp\SunamoHttp\SunamoWebClient.cs(16,5): warning SYSLIB0014: 'WebClient.WebClient()' is obsolete: 'WebRequest, HttpWebRequest, ServicePoint, and WebClient are obsolete. Use HttpClient instead.' (https://aka.ms/dotnet-warnings/SYSLIB0014) [E:\vs\Projects\PlatformIndependentNuGetPackages\SunamoHttp\SunamoHttp\SunamoHttp.csproj::TargetFramework=net8.0]
E:\vs\Projects\PlatformIndependentNuGetPackages\SunamoHttp\SunamoHttp\SunamoWebClient.cs(11,60): warning CS8625: Cannot convert null literal to non-nullable reference type. [E:\vs\Projects\PlatformIndependentNuGetPackages\SunamoHttp\SunamoHttp\SunamoHttp.csproj::TargetFramework=net8.0]
E:\vs\Projects\PlatformIndependentNuGetPackages\SunamoHttp\SunamoHttp\_sunamo\FS.cs(28,20): warning CS8600: Converting null literal or possible null value to non-nullable type. [E:\vs\Projects\PlatformIndependentNuGetPackages\SunamoHttp\SunamoHttp\SunamoHttp.csproj::TargetFramework=net8.0]
E:\vs\Projects\PlatformIndependentNuGetPackages\SunamoHttp\SunamoHttp\_sunamo\FS.cs(37,33): warning CS8604: Possible null reference argument for parameter 'item' in 'void List<string>.Add(string item)'. [E:\vs\Projects\PlatformIndependentNuGetPackages\SunamoHttp\SunamoHttp\SunamoHttp.csproj::TargetFramework=net8.0]
E:\vs\Projects\PlatformIndependentNuGetPackages\SunamoHttp\SunamoHttp\_sunamo\FS.cs(77,29): warning CS8600: Converting null literal or possible null value to non-nullable type. [E:\vs\Projects\PlatformIndependentNuGetPackages\SunamoHttp\SunamoHttp\SunamoHttp.csproj::TargetFramework=net8.0]
E:\vs\Projects\PlatformIndependentNuGetPackages\SunamoHttp\SunamoHttp\_sunamo\SharedAlgorithms.cs(45,46): warning CS8603: Possible null reference return. [E:\vs\Projects\PlatformIndependentNuGetPackages\SunamoHttp\SunamoHttp\SunamoHttp.csproj::TargetFramework=net8.0]
E:\vs\Projects\PlatformIndependentNuGetPackages\SunamoHttp\SunamoHttp\_sunamo\SharedAlgorithms.cs(53,16): warning CS8603: Possible null reference return. [E:\vs\Projects\PlatformIndependentNuGetPackages\SunamoHttp\SunamoHttp\SunamoHttp.csproj::TargetFramework=net8.0]
E:\vs\Projects\PlatformIndependentNuGetPackages\SunamoHttp\SunamoHttp\HttpClientHelper.cs(126,40): warning CS8600: Converting null literal or possible null value to non-nullable type. [E:\vs\Projects\PlatformIndependentNuGetPackages\SunamoHttp\SunamoHttp\SunamoHttp.csproj::TargetFramework=net8.0]
E:\vs\Projects\PlatformIndependentNuGetPackages\SunamoHttp\SunamoHttp\HttpClientHelper.cs(146,16): warning CS8603: Possible null reference return. [E:\vs\Projects\PlatformIndependentNuGetPackages\SunamoHttp\SunamoHttp\SunamoHttp.csproj::TargetFramework=net8.0]
E:\vs\Projects\PlatformIndependentNuGetPackages\SunamoHttp\SunamoHttp\HttpRequestGetResponses.cs(35,39): warning SYSLIB0014: 'WebRequest.Create(string)' is obsolete: 'WebRequest, HttpWebRequest, ServicePoint, and WebClient are obsolete. Use HttpClient instead.' (https://aka.ms/dotnet-warnings/SYSLIB0014) [E:\vs\Projects\PlatformIndependentNuGetPackages\SunamoHttp\SunamoHttp\SunamoHttp.csproj::TargetFramework=net8.0]
E:\vs\Projects\PlatformIndependentNuGetPackages\SunamoHttp\SunamoHttp\HttpRequestGetResponses.cs(39,35): warning CS8600: Converting null literal or possible null value to non-nullable type. [E:\vs\Projects\PlatformIndependentNuGetPackages\SunamoHttp\SunamoHttp\SunamoHttp.csproj::TargetFramework=net8.0]
E:\vs\Projects\PlatformIndependentNuGetPackages\SunamoHttp\SunamoHttp\HttpRequestGetResponses.cs(51,37): warning CS8600: Converting null literal or possible null value to non-nullable type. [E:\vs\Projects\PlatformIndependentNuGetPackages\SunamoHttp\SunamoHttp\SunamoHttp.csproj::TargetFramework=net8.0]
E:\vs\Projects\PlatformIndependentNuGetPackages\SunamoHttp\SunamoHttp\HttpRequestGetResponses.cs(58,53): warning CS8604: Possible null reference argument for parameter 'name' in 'Encoding Encoding.GetEncoding(string name)'. [E:\vs\Projects\PlatformIndependentNuGetPackages\SunamoHttp\SunamoHttp\SunamoHttp.csproj::TargetFramework=net8.0]
E:\vs\Projects\PlatformIndependentNuGetPackages\SunamoHttp\SunamoHttp\NetHelperSunamo.cs(17,13): warning CS8622: Nullability of reference types in type of parameter 'certificate' of 'anonymous method' doesn't match the target delegate 'RemoteCertificateValidationCallback' (possibly because of nullability attributes). [E:\vs\Projects\PlatformIndependentNuGetPackages\SunamoHttp\SunamoHttp\SunamoHttp.csproj::TargetFramework=net8.0]
E:\vs\Projects\PlatformIndependentNuGetPackages\SunamoHttp\SunamoHttp\NetHelperSunamo.cs(17,13): warning CS8622: Nullability of reference types in type of parameter 'chain' of 'anonymous method' doesn't match the target delegate 'RemoteCertificateValidationCallback' (possibly because of nullability attributes). [E:\vs\Projects\PlatformIndependentNuGetPackages\SunamoHttp\SunamoHttp\SunamoHttp.csproj::TargetFramework=net8.0]
E:\vs\Projects\PlatformIndependentNuGetPackages\SunamoHttp\SunamoHttp\HttpRequestGetResponses.cs(94,39): warning SYSLIB0014: 'WebRequest.CreateHttp(string)' is obsolete: 'WebRequest, HttpWebRequest, ServicePoint, and WebClient are obsolete. Use HttpClient instead.' (https://aka.ms/dotnet-warnings/SYSLIB0014) [E:\vs\Projects\PlatformIndependentNuGetPackages\SunamoHttp\SunamoHttp\SunamoHttp.csproj::TargetFramework=net8.0]
E:\vs\Projects\PlatformIndependentNuGetPackages\SunamoHttp\SunamoHttp\HttpRequestGetResponses.cs(101,33): warning CS8600: Converting null literal or possible null value to non-nullable type. [E:\vs\Projects\PlatformIndependentNuGetPackages\SunamoHttp\SunamoHttp\SunamoHttp.csproj::TargetFramework=net8.0]
E:\vs\Projects\PlatformIndependentNuGetPackages\SunamoHttp\SunamoHttp\HttpRequestGetResponses.cs(104,49): warning CS8604: Possible null reference argument for parameter 'name' in 'Encoding Encoding.GetEncoding(string name)'. [E:\vs\Projects\PlatformIndependentNuGetPackages\SunamoHttp\SunamoHttp\SunamoHttp.csproj::TargetFramework=net8.0]
E:\vs\Projects\PlatformIndependentNuGetPackages\SunamoHttp\SunamoHttp\HttpRequestGetResponses.cs(108,39): warning CS8600: Converting null literal or possible null value to non-nullable type. [E:\vs\Projects\PlatformIndependentNuGetPackages\SunamoHttp\SunamoHttp\SunamoHttp.csproj::TargetFramework=net8.0]
E:\vs\Projects\PlatformIndependentNuGetPackages\SunamoHttp\SunamoHttp\HttpRequestGetResponses.cs(153,39): warning SYSLIB0014: 'WebRequest.Create(string)' is obsolete: 'WebRequest, HttpWebRequest, ServicePoint, and WebClient are obsolete. Use HttpClient instead.' (https://aka.ms/dotnet-warnings/SYSLIB0014) [E:\vs\Projects\PlatformIndependentNuGetPackages\SunamoHttp\SunamoHttp\SunamoHttp.csproj::TargetFramework=net8.0]
E:\vs\Projects\PlatformIndependentNuGetPackages\SunamoHttp\SunamoHttp\HttpRequestGetResponses.cs(156,36): warning CS8600: Converting null literal or possible null value to non-nullable type. [E:\vs\Projects\PlatformIndependentNuGetPackages\SunamoHttp\SunamoHttp\SunamoHttp.csproj::TargetFramework=net8.0]
E:\vs\Projects\PlatformIndependentNuGetPackages\SunamoHttp\SunamoHttp\HttpRequestGetResponses.cs(163,20): warning CS8603: Possible null reference return. [E:\vs\Projects\PlatformIndependentNuGetPackages\SunamoHttp\SunamoHttp\SunamoHttp.csproj::TargetFramework=net8.0]
E:\vs\Projects\PlatformIndependentNuGetPackages\SunamoHttp\SunamoHttp\HttpRequestGetResponses.cs(180,50): warning SYSLIB0014: 'WebRequest.Create(string)' is obsolete: 'WebRequest, HttpWebRequest, ServicePoint, and WebClient are obsolete. Use HttpClient instead.' (https://aka.ms/dotnet-warnings/SYSLIB0014) [E:\vs\Projects\PlatformIndependentNuGetPackages\SunamoHttp\SunamoHttp\SunamoHttp.csproj::TargetFramework=net8.0]
E:\vs\Projects\PlatformIndependentNuGetPackages\SunamoHttp\SunamoHttp\HttpClientHelper.cs(21,75): warning CS8625: Cannot convert null literal to non-nullable reference type. [E:\vs\Projects\PlatformIndependentNuGetPackages\SunamoHttp\SunamoHttp\SunamoHttp.csproj::TargetFramework=net8.0]
E:\vs\Projects\PlatformIndependentNuGetPackages\SunamoHttp\SunamoHttp\HttpRequestGetResponses.cs(202,20): warning CS8625: Cannot convert null literal to non-nullable reference type. [E:\vs\Projects\PlatformIndependentNuGetPackages\SunamoHttp\SunamoHttp\SunamoHttp.csproj::TargetFramework=net8.0]
E:\vs\Projects\PlatformIndependentNuGetPackages\SunamoHttp\SunamoHttp\HttpRequestGetResponses.cs(217,25): warning CS8600: Converting null literal or possible null value to non-nullable type. [E:\vs\Projects\PlatformIndependentNuGetPackages\SunamoHttp\SunamoHttp\SunamoHttp.csproj::TargetFramework=net8.0]
E:\vs\Projects\PlatformIndependentNuGetPackages\SunamoHttp\SunamoHttp\HttpRequestGetResponses.cs(223,32): warning CS8600: Converting null literal or possible null value to non-nullable type. [E:\vs\Projects\PlatformIndependentNuGetPackages\SunamoHttp\SunamoHttp\SunamoHttp.csproj::TargetFramework=net8.0]
E:\vs\Projects\PlatformIndependentNuGetPackages\SunamoHttp\SunamoHttp\HttpRequestGetResponses.cs(256,33): warning CS8600: Converting null literal or possible null value to non-nullable type. [E:\vs\Projects\PlatformIndependentNuGetPackages\SunamoHttp\SunamoHttp\SunamoHttp.csproj::TargetFramework=net8.0]
E:\vs\Projects\PlatformIndependentNuGetPackages\SunamoHttp\SunamoHttp\HttpRequestGetResponses.cs(259,49): warning CS8604: Possible null reference argument for parameter 'name' in 'Encoding Encoding.GetEncoding(string name)'. [E:\vs\Projects\PlatformIndependentNuGetPackages\SunamoHttp\SunamoHttp\SunamoHttp.csproj::TargetFramework=net8.0]
E:\vs\Projects\PlatformIndependentNuGetPackages\SunamoHttp\SunamoHttp\HttpRequestGetResponses.cs(263,39): warning CS8600: Converting null literal or possible null value to non-nullable type. [E:\vs\Projects\PlatformIndependentNuGetPackages\SunamoHttp\SunamoHttp\SunamoHttp.csproj::TargetFramework=net8.0]
E:\vs\Projects\PlatformIndependentNuGetPackages\SunamoHttp\SunamoHttp\HttpRequestHelper.cs(24,23): warning CS8600: Converting null literal or possible null value to non-nullable type. [E:\vs\Projects\PlatformIndependentNuGetPackages\SunamoHttp\SunamoHttp\SunamoHttp.csproj::TargetFramework=net8.0]
E:\vs\Projects\PlatformIndependentNuGetPackages\SunamoHttp\SunamoHttp\HttpRequestHelper.cs(27,47): warning CS8625: Cannot convert null literal to non-nullable reference type. [E:\vs\Projects\PlatformIndependentNuGetPackages\SunamoHttp\SunamoHttp\SunamoHttp.csproj::TargetFramework=net8.0]
E:\vs\Projects\PlatformIndependentNuGetPackages\SunamoHttp\SunamoHttp\HttpRequestHelper.cs(63,38): warning SYSLIB0014: 'WebRequest.Create(string)' is obsolete: 'WebRequest, HttpWebRequest, ServicePoint, and WebClient are obsolete. Use HttpClient instead.' (https://aka.ms/dotnet-warnings/SYSLIB0014) [E:\vs\Projects\PlatformIndependentNuGetPackages\SunamoHttp\SunamoHttp\SunamoHttp.csproj::TargetFramework=net8.0]
E:\vs\Projects\PlatformIndependentNuGetPackages\SunamoHttp\SunamoHttp\HttpRequestHelper.cs(63,38): warning CS8600: Converting null literal or possible null value to non-nullable type. [E:\vs\Projects\PlatformIndependentNuGetPackages\SunamoHttp\SunamoHttp\SunamoHttp.csproj::TargetFramework=net8.0]
E:\vs\Projects\PlatformIndependentNuGetPackages\SunamoHttp\SunamoHttp\HttpRequestHelper.cs(64,13): warning CS8602: Dereference of a possibly null reference. [E:\vs\Projects\PlatformIndependentNuGetPackages\SunamoHttp\SunamoHttp\SunamoHttp.csproj::TargetFramework=net8.0]
E:\vs\Projects\PlatformIndependentNuGetPackages\SunamoHttp\SunamoHttp\HttpRequestHelper.cs(65,40): warning CS8600: Converting null literal or possible null value to non-nullable type. [E:\vs\Projects\PlatformIndependentNuGetPackages\SunamoHttp\SunamoHttp\SunamoHttp.csproj::TargetFramework=net8.0]
E:\vs\Projects\PlatformIndependentNuGetPackages\SunamoHttp\SunamoHttp\HttpRequestHelper.cs(66,13): warning CS8602: Dereference of a possibly null reference. [E:\vs\Projects\PlatformIndependentNuGetPackages\SunamoHttp\SunamoHttp\SunamoHttp.csproj::TargetFramework=net8.0]
E:\vs\Projects\PlatformIndependentNuGetPackages\SunamoHttp\SunamoHttp\HttpRequestHelper.cs(85,50): warning CS8604: Possible null reference argument for parameter 'address' in 'string HttpRequestHelper.GetResponseText(ILogger logger, GetResponseArgs args, string address, HttpMethod method, HttpRequestData httpRequestData, out HttpWebResponse response)'. [E:\vs\Projects\PlatformIndependentNuGetPackages\SunamoHttp\SunamoHttp\SunamoHttp.csproj::TargetFramework=net8.0]
E:\vs\Projects\PlatformIndependentNuGetPackages\SunamoHttp\SunamoHttp\HttpRequestHelper.cs(85,82): warning CS8625: Cannot convert null literal to non-nullable reference type. [E:\vs\Projects\PlatformIndependentNuGetPackages\SunamoHttp\SunamoHttp\SunamoHttp.csproj::TargetFramework=net8.0]
E:\vs\Projects\PlatformIndependentNuGetPackages\SunamoHttp\SunamoHttp\HttpRequestHelper.cs(99,50): warning CS8604: Possible null reference argument for parameter 'address' in 'string HttpRequestHelper.GetResponseText(ILogger logger, GetResponseArgs args, string address, HttpMethod method, HttpRequestData httpRequestData, out HttpWebResponse response)'. [E:\vs\Projects\PlatformIndependentNuGetPackages\SunamoHttp\SunamoHttp\SunamoHttp.csproj::TargetFramework=net8.0]
E:\vs\Projects\PlatformIndependentNuGetPackages\SunamoHttp\SunamoHttp\HttpRequestHelper.cs(99,82): warning CS8625: Cannot convert null literal to non-nullable reference type. [E:\vs\Projects\PlatformIndependentNuGetPackages\SunamoHttp\SunamoHttp\SunamoHttp.csproj::TargetFramework=net8.0]
E:\vs\Projects\PlatformIndependentNuGetPackages\SunamoHttp\SunamoHttp\HttpRequestHelper.cs(188,64): warning CS8625: Cannot convert null literal to non-nullable reference type. [E:\vs\Projects\PlatformIndependentNuGetPackages\SunamoHttp\SunamoHttp\SunamoHttp.csproj::TargetFramework=net8.0]
E:\vs\Projects\PlatformIndependentNuGetPackages\SunamoHttp\SunamoHttp\HttpClientHelper.cs(42,86): warning CS8625: Cannot convert null literal to non-nullable reference type. [E:\vs\Projects\PlatformIndependentNuGetPackages\SunamoHttp\SunamoHttp\SunamoHttp.csproj::TargetFramework=net10.0]
E:\vs\Projects\PlatformIndependentNuGetPackages\SunamoHttp\SunamoHttp\HttpClientHelper.cs(116,90): warning CS8625: Cannot convert null literal to non-nullable reference type. [E:\vs\Projects\PlatformIndependentNuGetPackages\SunamoHttp\SunamoHttp\SunamoHttp.csproj::TargetFramework=net10.0]
E:\vs\Projects\PlatformIndependentNuGetPackages\SunamoHttp\SunamoHttp\HttpRequestHelper.cs(18,126): warning CS8625: Cannot convert null literal to non-nullable reference type. [E:\vs\Projects\PlatformIndependentNuGetPackages\SunamoHttp\SunamoHttp\SunamoHttp.csproj::TargetFramework=net10.0]
E:\vs\Projects\PlatformIndependentNuGetPackages\SunamoHttp\SunamoHttp\HttpRequestHelper.cs(42,132): warning CS8625: Cannot convert null literal to non-nullable reference type. [E:\vs\Projects\PlatformIndependentNuGetPackages\SunamoHttp\SunamoHttp\SunamoHttp.csproj::TargetFramework=net10.0]
E:\vs\Projects\PlatformIndependentNuGetPackages\SunamoHttp\SunamoHttp\HttpRequestHelper.cs(113,219): warning CS8625: Cannot convert null literal to non-nullable reference type. [E:\vs\Projects\PlatformIndependentNuGetPackages\SunamoHttp\SunamoHttp\SunamoHttp.csproj::TargetFramework=net10.0]
E:\vs\Projects\PlatformIndependentNuGetPackages\SunamoHttp\SunamoHttp\HttpRequestHelper.cs(141,187): warning CS8625: Cannot convert null literal to non-nullable reference type. [E:\vs\Projects\PlatformIndependentNuGetPackages\SunamoHttp\SunamoHttp\SunamoHttp.csproj::TargetFramework=net10.0]
E:\vs\Projects\PlatformIndependentNuGetPackages\SunamoHttp\SunamoHttp\HttpRequestHelper.cs(204,204): warning CS8625: Cannot convert null literal to non-nullable reference type. [E:\vs\Projects\PlatformIndependentNuGetPackages\SunamoHttp\SunamoHttp\SunamoHttp.csproj::TargetFramework=net10.0]
E:\vs\Projects\PlatformIndependentNuGetPackages\SunamoHttp\SunamoHttp\Args\GetResponseArgs.cs(11,28): warning CS8618: Non-nullable property 'Cookies' must contain a non-null value when exiting constructor. Consider adding the 'required' modifier or declaring the property as nullable. [E:\vs\Projects\PlatformIndependentNuGetPackages\SunamoHttp\SunamoHttp\SunamoHttp.csproj::TargetFramework=net10.0]
E:\vs\Projects\PlatformIndependentNuGetPackages\SunamoHttp\SunamoHttp\Data\UploadFile.cs(11,12): warning CS8618: Non-nullable property 'Name' must contain a non-null value when exiting constructor. Consider adding the 'required' modifier or declaring the property as nullable. [E:\vs\Projects\PlatformIndependentNuGetPackages\SunamoHttp\SunamoHttp\SunamoHttp.csproj::TargetFramework=net10.0]
E:\vs\Projects\PlatformIndependentNuGetPackages\SunamoHttp\SunamoHttp\Data\UploadFile.cs(11,12): warning CS8618: Non-nullable property 'Filename' must contain a non-null value when exiting constructor. Consider adding the 'required' modifier or declaring the property as nullable. [E:\vs\Projects\PlatformIndependentNuGetPackages\SunamoHttp\SunamoHttp\SunamoHttp.csproj::TargetFramework=net10.0]
E:\vs\Projects\PlatformIndependentNuGetPackages\SunamoHttp\SunamoHttp\Data\UploadFile.cs(11,12): warning CS8618: Non-nullable property 'Stream' must contain a non-null value when exiting constructor. Consider adding the 'required' modifier or declaring the property as nullable. [E:\vs\Projects\PlatformIndependentNuGetPackages\SunamoHttp\SunamoHttp\SunamoHttp.csproj::TargetFramework=net10.0]
E:\vs\Projects\PlatformIndependentNuGetPackages\SunamoHttp\SunamoHttp\Data\HttpRequestData.cs(11,42): warning CS8625: Cannot convert null literal to non-nullable reference type. [E:\vs\Projects\PlatformIndependentNuGetPackages\SunamoHttp\SunamoHttp\SunamoHttp.csproj::TargetFramework=net10.0]
E:\vs\Projects\PlatformIndependentNuGetPackages\SunamoHttp\SunamoHttp\Data\HttpRequestData.cs(17,48): warning CS8625: Cannot convert null literal to non-nullable reference type. [E:\vs\Projects\PlatformIndependentNuGetPackages\SunamoHttp\SunamoHttp\SunamoHttp.csproj::TargetFramework=net10.0]
E:\vs\Projects\PlatformIndependentNuGetPackages\SunamoHttp\SunamoHttp\Data\HttpRequestData.cs(22,47): warning CS8625: Cannot convert null literal to non-nullable reference type. [E:\vs\Projects\PlatformIndependentNuGetPackages\SunamoHttp\SunamoHttp\SunamoHttp.csproj::TargetFramework=net10.0]
E:\vs\Projects\PlatformIndependentNuGetPackages\SunamoHttp\SunamoHttp\Data\HttpRequestData.cs(32,52): warning CS8625: Cannot convert null literal to non-nullable reference type. [E:\vs\Projects\PlatformIndependentNuGetPackages\SunamoHttp\SunamoHttp\SunamoHttp.csproj::TargetFramework=net10.0]
E:\vs\Projects\PlatformIndependentNuGetPackages\SunamoHttp\SunamoHttp\Data\HttpRequestData.cs(27,21): warning CS8618: Non-nullable property 'EncodingPostData' must contain a non-null value when exiting constructor. Consider adding the 'required' modifier or declaring the property as nullable. [E:\vs\Projects\PlatformIndependentNuGetPackages\SunamoHttp\SunamoHttp\SunamoHttp.csproj::TargetFramework=net10.0]
E:\vs\Projects\PlatformIndependentNuGetPackages\SunamoHttp\SunamoHttp\WebClientHelper.cs(32,42): warning SYSLIB0014: 'WebClient.WebClient()' is obsolete: 'WebRequest, HttpWebRequest, ServicePoint, and WebClient are obsolete. Use HttpClient instead.' (https://aka.ms/dotnet-warnings/SYSLIB0014) [E:\vs\Projects\PlatformIndependentNuGetPackages\SunamoHttp\SunamoHttp\SunamoHttp.csproj::TargetFramework=net10.0]
E:\vs\Projects\PlatformIndependentNuGetPackages\SunamoHttp\SunamoHttp\SunamoWebClient.cs(16,5): warning SYSLIB0014: 'WebClient.WebClient()' is obsolete: 'WebRequest, HttpWebRequest, ServicePoint, and WebClient are obsolete. Use HttpClient instead.' (https://aka.ms/dotnet-warnings/SYSLIB0014) [E:\vs\Projects\PlatformIndependentNuGetPackages\SunamoHttp\SunamoHttp\SunamoHttp.csproj::TargetFramework=net10.0]
E:\vs\Projects\PlatformIndependentNuGetPackages\SunamoHttp\SunamoHttp\SunamoWebClient.cs(11,60): warning CS8625: Cannot convert null literal to non-nullable reference type. [E:\vs\Projects\PlatformIndependentNuGetPackages\SunamoHttp\SunamoHttp\SunamoHttp.csproj::TargetFramework=net10.0]
E:\vs\Projects\PlatformIndependentNuGetPackages\SunamoHttp\SunamoHttp\_sunamo\FS.cs(28,20): warning CS8600: Converting null literal or possible null value to non-nullable type. [E:\vs\Projects\PlatformIndependentNuGetPackages\SunamoHttp\SunamoHttp\SunamoHttp.csproj::TargetFramework=net10.0]
E:\vs\Projects\PlatformIndependentNuGetPackages\SunamoHttp\SunamoHttp\_sunamo\FS.cs(37,33): warning CS8604: Possible null reference argument for parameter 'item' in 'void List<string>.Add(string item)'. [E:\vs\Projects\PlatformIndependentNuGetPackages\SunamoHttp\SunamoHttp\SunamoHttp.csproj::TargetFramework=net10.0]
E:\vs\Projects\PlatformIndependentNuGetPackages\SunamoHttp\SunamoHttp\_sunamo\FS.cs(77,29): warning CS8600: Converting null literal or possible null value to non-nullable type. [E:\vs\Projects\PlatformIndependentNuGetPackages\SunamoHttp\SunamoHttp\SunamoHttp.csproj::TargetFramework=net10.0]
E:\vs\Projects\PlatformIndependentNuGetPackages\SunamoHttp\SunamoHttp\HttpClientHelper.cs(126,40): warning CS8600: Converting null literal or possible null value to non-nullable type. [E:\vs\Projects\PlatformIndependentNuGetPackages\SunamoHttp\SunamoHttp\SunamoHttp.csproj::TargetFramework=net10.0]
E:\vs\Projects\PlatformIndependentNuGetPackages\SunamoHttp\SunamoHttp\HttpClientHelper.cs(146,16): warning CS8603: Possible null reference return. [E:\vs\Projects\PlatformIndependentNuGetPackages\SunamoHttp\SunamoHttp\SunamoHttp.csproj::TargetFramework=net10.0]
E:\vs\Projects\PlatformIndependentNuGetPackages\SunamoHttp\SunamoHttp\_sunamo\SharedAlgorithms.cs(45,46): warning CS8603: Possible null reference return. [E:\vs\Projects\PlatformIndependentNuGetPackages\SunamoHttp\SunamoHttp\SunamoHttp.csproj::TargetFramework=net10.0]
E:\vs\Projects\PlatformIndependentNuGetPackages\SunamoHttp\SunamoHttp\_sunamo\SharedAlgorithms.cs(53,16): warning CS8603: Possible null reference return. [E:\vs\Projects\PlatformIndependentNuGetPackages\SunamoHttp\SunamoHttp\SunamoHttp.csproj::TargetFramework=net10.0]
E:\vs\Projects\PlatformIndependentNuGetPackages\SunamoHttp\SunamoHttp\HttpRequestGetResponses.cs(35,39): warning SYSLIB0014: 'WebRequest.Create(string)' is obsolete: 'WebRequest, HttpWebRequest, ServicePoint, and WebClient are obsolete. Use HttpClient instead.' (https://aka.ms/dotnet-warnings/SYSLIB0014) [E:\vs\Projects\PlatformIndependentNuGetPackages\SunamoHttp\SunamoHttp\SunamoHttp.csproj::TargetFramework=net10.0]
E:\vs\Projects\PlatformIndependentNuGetPackages\SunamoHttp\SunamoHttp\HttpRequestGetResponses.cs(39,35): warning CS8600: Converting null literal or possible null value to non-nullable type. [E:\vs\Projects\PlatformIndependentNuGetPackages\SunamoHttp\SunamoHttp\SunamoHttp.csproj::TargetFramework=net10.0]
E:\vs\Projects\PlatformIndependentNuGetPackages\SunamoHttp\SunamoHttp\HttpRequestGetResponses.cs(51,37): warning CS8600: Converting null literal or possible null value to non-nullable type. [E:\vs\Projects\PlatformIndependentNuGetPackages\SunamoHttp\SunamoHttp\SunamoHttp.csproj::TargetFramework=net10.0]
E:\vs\Projects\PlatformIndependentNuGetPackages\SunamoHttp\SunamoHttp\HttpRequestGetResponses.cs(58,53): warning CS8604: Possible null reference argument for parameter 'name' in 'Encoding Encoding.GetEncoding(string name)'. [E:\vs\Projects\PlatformIndependentNuGetPackages\SunamoHttp\SunamoHttp\SunamoHttp.csproj::TargetFramework=net10.0]
E:\vs\Projects\PlatformIndependentNuGetPackages\SunamoHttp\SunamoHttp\NetHelperSunamo.cs(16,9): warning SYSLIB0014: 'ServicePointManager' is obsolete: 'WebRequest, HttpWebRequest, ServicePoint, and WebClient are obsolete. Use HttpClient instead. Settings on ServicePointManager no longer affect SslStream or HttpClient.' (https://aka.ms/dotnet-warnings/SYSLIB0014) [E:\vs\Projects\PlatformIndependentNuGetPackages\SunamoHttp\SunamoHttp\SunamoHttp.csproj::TargetFramework=net10.0]
E:\vs\Projects\PlatformIndependentNuGetPackages\SunamoHttp\SunamoHttp\NetHelperSunamo.cs(26,9): warning SYSLIB0014: 'ServicePointManager' is obsolete: 'WebRequest, HttpWebRequest, ServicePoint, and WebClient are obsolete. Use HttpClient instead. Settings on ServicePointManager no longer affect SslStream or HttpClient.' (https://aka.ms/dotnet-warnings/SYSLIB0014) [E:\vs\Projects\PlatformIndependentNuGetPackages\SunamoHttp\SunamoHttp\SunamoHttp.csproj::TargetFramework=net10.0]
E:\vs\Projects\PlatformIndependentNuGetPackages\SunamoHttp\SunamoHttp\NetHelperSunamo.cs(17,13): warning CS8622: Nullability of reference types in type of parameter 'certificate' of 'anonymous method' doesn't match the target delegate 'RemoteCertificateValidationCallback' (possibly because of nullability attributes). [E:\vs\Projects\PlatformIndependentNuGetPackages\SunamoHttp\SunamoHttp\SunamoHttp.csproj::TargetFramework=net10.0]
E:\vs\Projects\PlatformIndependentNuGetPackages\SunamoHttp\SunamoHttp\NetHelperSunamo.cs(17,13): warning CS8622: Nullability of reference types in type of parameter 'chain' of 'anonymous method' doesn't match the target delegate 'RemoteCertificateValidationCallback' (possibly because of nullability attributes). [E:\vs\Projects\PlatformIndependentNuGetPackages\SunamoHttp\SunamoHttp\SunamoHttp.csproj::TargetFramework=net10.0]
E:\vs\Projects\PlatformIndependentNuGetPackages\SunamoHttp\SunamoHttp\HttpRequestGetResponses.cs(94,39): warning SYSLIB0014: 'WebRequest.CreateHttp(string)' is obsolete: 'WebRequest, HttpWebRequest, ServicePoint, and WebClient are obsolete. Use HttpClient instead.' (https://aka.ms/dotnet-warnings/SYSLIB0014) [E:\vs\Projects\PlatformIndependentNuGetPackages\SunamoHttp\SunamoHttp\SunamoHttp.csproj::TargetFramework=net10.0]
E:\vs\Projects\PlatformIndependentNuGetPackages\SunamoHttp\SunamoHttp\HttpRequestGetResponses.cs(101,33): warning CS8600: Converting null literal or possible null value to non-nullable type. [E:\vs\Projects\PlatformIndependentNuGetPackages\SunamoHttp\SunamoHttp\SunamoHttp.csproj::TargetFramework=net10.0]
E:\vs\Projects\PlatformIndependentNuGetPackages\SunamoHttp\SunamoHttp\HttpRequestGetResponses.cs(104,49): warning CS8604: Possible null reference argument for parameter 'name' in 'Encoding Encoding.GetEncoding(string name)'. [E:\vs\Projects\PlatformIndependentNuGetPackages\SunamoHttp\SunamoHttp\SunamoHttp.csproj::TargetFramework=net10.0]
E:\vs\Projects\PlatformIndependentNuGetPackages\SunamoHttp\SunamoHttp\HttpRequestGetResponses.cs(108,39): warning CS8600: Converting null literal or possible null value to non-nullable type. [E:\vs\Projects\PlatformIndependentNuGetPackages\SunamoHttp\SunamoHttp\SunamoHttp.csproj::TargetFramework=net10.0]
E:\vs\Projects\PlatformIndependentNuGetPackages\SunamoHttp\SunamoHttp\HttpRequestGetResponses.cs(153,39): warning SYSLIB0014: 'WebRequest.Create(string)' is obsolete: 'WebRequest, HttpWebRequest, ServicePoint, and WebClient are obsolete. Use HttpClient instead.' (https://aka.ms/dotnet-warnings/SYSLIB0014) [E:\vs\Projects\PlatformIndependentNuGetPackages\SunamoHttp\SunamoHttp\SunamoHttp.csproj::TargetFramework=net10.0]
E:\vs\Projects\PlatformIndependentNuGetPackages\SunamoHttp\SunamoHttp\HttpRequestGetResponses.cs(156,36): warning CS8600: Converting null literal or possible null value to non-nullable type. [E:\vs\Projects\PlatformIndependentNuGetPackages\SunamoHttp\SunamoHttp\SunamoHttp.csproj::TargetFramework=net10.0]
E:\vs\Projects\PlatformIndependentNuGetPackages\SunamoHttp\SunamoHttp\HttpRequestGetResponses.cs(163,20): warning CS8603: Possible null reference return. [E:\vs\Projects\PlatformIndependentNuGetPackages\SunamoHttp\SunamoHttp\SunamoHttp.csproj::TargetFramework=net10.0]
E:\vs\Projects\PlatformIndependentNuGetPackages\SunamoHttp\SunamoHttp\HttpRequestGetResponses.cs(180,50): warning SYSLIB0014: 'WebRequest.Create(string)' is obsolete: 'WebRequest, HttpWebRequest, ServicePoint, and WebClient are obsolete. Use HttpClient instead.' (https://aka.ms/dotnet-warnings/SYSLIB0014) [E:\vs\Projects\PlatformIndependentNuGetPackages\SunamoHttp\SunamoHttp\SunamoHttp.csproj::TargetFramework=net10.0]
E:\vs\Projects\PlatformIndependentNuGetPackages\SunamoHttp\SunamoHttp\HttpClientHelper.cs(21,75): warning CS8625: Cannot convert null literal to non-nullable reference type. [E:\vs\Projects\PlatformIndependentNuGetPackages\SunamoHttp\SunamoHttp\SunamoHttp.csproj::TargetFramework=net10.0]
E:\vs\Projects\PlatformIndependentNuGetPackages\SunamoHttp\SunamoHttp\HttpRequestGetResponses.cs(202,20): warning CS8625: Cannot convert null literal to non-nullable reference type. [E:\vs\Projects\PlatformIndependentNuGetPackages\SunamoHttp\SunamoHttp\SunamoHttp.csproj::TargetFramework=net10.0]
E:\vs\Projects\PlatformIndependentNuGetPackages\SunamoHttp\SunamoHttp\HttpRequestGetResponses.cs(217,25): warning CS8600: Converting null literal or possible null value to non-nullable type. [E:\vs\Projects\PlatformIndependentNuGetPackages\SunamoHttp\SunamoHttp\SunamoHttp.csproj::TargetFramework=net10.0]
E:\vs\Projects\PlatformIndependentNuGetPackages\SunamoHttp\SunamoHttp\HttpRequestGetResponses.cs(223,32): warning CS8600: Converting null literal or possible null value to non-nullable type. [E:\vs\Projects\PlatformIndependentNuGetPackages\SunamoHttp\SunamoHttp\SunamoHttp.csproj::TargetFramework=net10.0]
E:\vs\Projects\PlatformIndependentNuGetPackages\SunamoHttp\SunamoHttp\HttpRequestGetResponses.cs(256,33): warning CS8600: Converting null literal or possible null value to non-nullable type. [E:\vs\Projects\PlatformIndependentNuGetPackages\SunamoHttp\SunamoHttp\SunamoHttp.csproj::TargetFramework=net10.0]
E:\vs\Projects\PlatformIndependentNuGetPackages\SunamoHttp\SunamoHttp\HttpRequestGetResponses.cs(259,49): warning CS8604: Possible null reference argument for parameter 'name' in 'Encoding Encoding.GetEncoding(string name)'. [E:\vs\Projects\PlatformIndependentNuGetPackages\SunamoHttp\SunamoHttp\SunamoHttp.csproj::TargetFramework=net10.0]
E:\vs\Projects\PlatformIndependentNuGetPackages\SunamoHttp\SunamoHttp\HttpRequestGetResponses.cs(263,39): warning CS8600: Converting null literal or possible null value to non-nullable type. [E:\vs\Projects\PlatformIndependentNuGetPackages\SunamoHttp\SunamoHttp\SunamoHttp.csproj::TargetFramework=net10.0]
E:\vs\Projects\PlatformIndependentNuGetPackages\SunamoHttp\SunamoHttp\HttpRequestHelper.cs(24,23): warning CS8600: Converting null literal or possible null value to non-nullable type. [E:\vs\Projects\PlatformIndependentNuGetPackages\SunamoHttp\SunamoHttp\SunamoHttp.csproj::TargetFramework=net10.0]
E:\vs\Projects\PlatformIndependentNuGetPackages\SunamoHttp\SunamoHttp\HttpRequestHelper.cs(27,47): warning CS8625: Cannot convert null literal to non-nullable reference type. [E:\vs\Projects\PlatformIndependentNuGetPackages\SunamoHttp\SunamoHttp\SunamoHttp.csproj::TargetFramework=net10.0]
E:\vs\Projects\PlatformIndependentNuGetPackages\SunamoHttp\SunamoHttp\HttpRequestHelper.cs(63,38): warning SYSLIB0014: 'WebRequest.Create(string)' is obsolete: 'WebRequest, HttpWebRequest, ServicePoint, and WebClient are obsolete. Use HttpClient instead.' (https://aka.ms/dotnet-warnings/SYSLIB0014) [E:\vs\Projects\PlatformIndependentNuGetPackages\SunamoHttp\SunamoHttp\SunamoHttp.csproj::TargetFramework=net10.0]
E:\vs\Projects\PlatformIndependentNuGetPackages\SunamoHttp\SunamoHttp\HttpRequestHelper.cs(63,38): warning CS8600: Converting null literal or possible null value to non-nullable type. [E:\vs\Projects\PlatformIndependentNuGetPackages\SunamoHttp\SunamoHttp\SunamoHttp.csproj::TargetFramework=net10.0]
E:\vs\Projects\PlatformIndependentNuGetPackages\SunamoHttp\SunamoHttp\HttpRequestHelper.cs(64,13): warning CS8602: Dereference of a possibly null reference. [E:\vs\Projects\PlatformIndependentNuGetPackages\SunamoHttp\SunamoHttp\SunamoHttp.csproj::TargetFramework=net10.0]
E:\vs\Projects\PlatformIndependentNuGetPackages\SunamoHttp\SunamoHttp\HttpRequestHelper.cs(65,40): warning CS8600: Converting null literal or possible null value to non-nullable type. [E:\vs\Projects\PlatformIndependentNuGetPackages\SunamoHttp\SunamoHttp\SunamoHttp.csproj::TargetFramework=net10.0]
E:\vs\Projects\PlatformIndependentNuGetPackages\SunamoHttp\SunamoHttp\HttpRequestHelper.cs(66,13): warning CS8602: Dereference of a possibly null reference. [E:\vs\Projects\PlatformIndependentNuGetPackages\SunamoHttp\SunamoHttp\SunamoHttp.csproj::TargetFramework=net10.0]
E:\vs\Projects\PlatformIndependentNuGetPackages\SunamoHttp\SunamoHttp\HttpRequestHelper.cs(85,50): warning CS8604: Possible null reference argument for parameter 'address' in 'string HttpRequestHelper.GetResponseText(ILogger logger, GetResponseArgs args, string address, HttpMethod method, HttpRequestData httpRequestData, out HttpWebResponse response)'. [E:\vs\Projects\PlatformIndependentNuGetPackages\SunamoHttp\SunamoHttp\SunamoHttp.csproj::TargetFramework=net10.0]
E:\vs\Projects\PlatformIndependentNuGetPackages\SunamoHttp\SunamoHttp\HttpRequestHelper.cs(85,82): warning CS8625: Cannot convert null literal to non-nullable reference type. [E:\vs\Projects\PlatformIndependentNuGetPackages\SunamoHttp\SunamoHttp\SunamoHttp.csproj::TargetFramework=net10.0]
E:\vs\Projects\PlatformIndependentNuGetPackages\SunamoHttp\SunamoHttp\HttpRequestHelper.cs(99,50): warning CS8604: Possible null reference argument for parameter 'address' in 'string HttpRequestHelper.GetResponseText(ILogger logger, GetResponseArgs args, string address, HttpMethod method, HttpRequestData httpRequestData, out HttpWebResponse response)'. [E:\vs\Projects\PlatformIndependentNuGetPackages\SunamoHttp\SunamoHttp\SunamoHttp.csproj::TargetFramework=net10.0]
E:\vs\Projects\PlatformIndependentNuGetPackages\SunamoHttp\SunamoHttp\HttpRequestHelper.cs(99,82): warning CS8625: Cannot convert null literal to non-nullable reference type. [E:\vs\Projects\PlatformIndependentNuGetPackages\SunamoHttp\SunamoHttp\SunamoHttp.csproj::TargetFramework=net10.0]
E:\vs\Projects\PlatformIndependentNuGetPackages\SunamoHttp\SunamoHttp\HttpRequestHelper.cs(188,64): warning CS8625: Cannot convert null literal to non-nullable reference type. [E:\vs\Projects\PlatformIndependentNuGetPackages\SunamoHttp\SunamoHttp\SunamoHttp.csproj::TargetFramework=net10.0]
    181 Warning(s)
    0 Error(s)

Time Elapsed 00:00:10.41
